0 verbose cli /usr/local/bin/node /usr/local/bin/npm
1 info using npm@10.9.0
2 info using node@v22.12.0
3 silly config load:file:/usr/local/lib/node_modules/npm/npmrc
4 silly config load:file:/Users/momo/Documents/project/subscribe-management-app/.npmrc
5 silly config load:file:/Users/momo/.npmrc
6 silly config load:file:/usr/local/etc/npmrc
7 verbose title npm install @radix-ui/react-dialog @radix-ui/react-dropdown-menu @radix-ui/react-select @radix-ui/react-checkbox @radix-ui/react-switch @radix-ui/react-label @radix-ui/react-separator @radix-ui/react-tabs @radix-ui/react-tooltip
8 verbose argv "install" "@radix-ui/react-dialog" "@radix-ui/react-dropdown-menu" "@radix-ui/react-select" "@radix-ui/react-checkbox" "@radix-ui/react-switch" "@radix-ui/react-label" "@radix-ui/react-separator" "@radix-ui/react-tabs" "@radix-ui/react-tooltip"
9 verbose logfile logs-max:10 dir:/Users/momo/Documents/project/subscribe-management-app/.npm-cache/_logs/2025-09-13T05_15_47_153Z-
10 verbose logfile /Users/momo/Documents/project/subscribe-management-app/.npm-cache/_logs/2025-09-13T05_15_47_153Z-debug-0.log
11 silly logfile start cleaning logs, removing 1 files
12 silly packumentCache heap:4345298944 maxSize:1086324736 maxEntrySize:543162368
13 silly logfile done cleaning log files
14 silly idealTree buildDeps
15 silly fetch manifest @radix-ui/react-dialog@*
16 silly packumentCache full:https://registry.npmjs.org/@radix-ui%2freact-dialog cache-miss
17 http fetch GET 200 https://registry.npmjs.org/@radix-ui%2freact-dialog 2648ms (cache miss)
18 silly packumentCache full:https://registry.npmjs.org/@radix-ui%2freact-dialog set size:undefined disposed:false
19 silly fetch manifest @types/react@^19
20 silly packumentCache full:https://registry.npmjs.org/@types%2freact cache-miss
21 http fetch GET 200 https://registry.npmjs.org/@types%2freact 944ms (cache revalidated)
22 silly packumentCache full:https://registry.npmjs.org/@types%2freact set size:2455470 disposed:false
23 silly fetch manifest @types/react-dom@^19
24 silly packumentCache full:https://registry.npmjs.org/@types%2freact-dom cache-miss
25 http fetch GET 200 https://registry.npmjs.org/@types%2freact-dom 1099ms (cache miss)
26 silly packumentCache full:https://registry.npmjs.org/@types%2freact-dom set size:undefined disposed:false
27 silly fetch manifest react@19.1.0
28 silly packumentCache full:https://registry.npmjs.org/react cache-miss
29 http fetch GET 200 https://registry.npmjs.org/react 10ms (cache hit)
30 silly packumentCache full:https://registry.npmjs.org/react set size:6045087 disposed:false
31 silly fetch manifest react-dom@19.1.0
32 silly packumentCache full:https://registry.npmjs.org/react-dom cache-miss
33 http fetch GET 200 https://registry.npmjs.org/react-dom 10ms (cache hit)
34 silly packumentCache full:https://registry.npmjs.org/react-dom set size:7830752 disposed:false
35 silly fetch manifest @radix-ui/react-dropdown-menu@*
36 silly packumentCache full:https://registry.npmjs.org/@radix-ui%2freact-dropdown-menu cache-miss
37 http fetch GET 200 https://registry.npmjs.org/@radix-ui%2freact-dropdown-menu 1726ms (cache miss)
38 silly packumentCache full:https://registry.npmjs.org/@radix-ui%2freact-dropdown-menu set size:undefined disposed:false
39 silly fetch manifest @radix-ui/react-select@*
40 silly packumentCache full:https://registry.npmjs.org/@radix-ui%2freact-select cache-miss
41 http fetch GET 200 https://registry.npmjs.org/@radix-ui%2freact-select 1089ms (cache miss)
42 silly packumentCache full:https://registry.npmjs.org/@radix-ui%2freact-select set size:undefined disposed:false
43 silly fetch manifest @radix-ui/react-checkbox@*
44 silly packumentCache full:https://registry.npmjs.org/@radix-ui%2freact-checkbox cache-miss
45 http fetch GET 200 https://registry.npmjs.org/@radix-ui%2freact-checkbox 771ms (cache miss)
46 silly packumentCache full:https://registry.npmjs.org/@radix-ui%2freact-checkbox set size:undefined disposed:false
47 silly fetch manifest @radix-ui/react-switch@*
48 silly packumentCache full:https://registry.npmjs.org/@radix-ui%2freact-switch cache-miss
49 http fetch GET 200 https://registry.npmjs.org/@radix-ui%2freact-switch 1128ms (cache miss)
50 silly packumentCache full:https://registry.npmjs.org/@radix-ui%2freact-switch set size:undefined disposed:false
51 silly fetch manifest @radix-ui/react-label@*
52 silly packumentCache full:https://registry.npmjs.org/@radix-ui%2freact-label cache-miss
53 http fetch GET 200 https://registry.npmjs.org/@radix-ui%2freact-label 1567ms (cache miss)
54 silly packumentCache full:https://registry.npmjs.org/@radix-ui%2freact-label set size:undefined disposed:false
55 silly fetch manifest @radix-ui/react-separator@*
56 silly packumentCache full:https://registry.npmjs.org/@radix-ui%2freact-separator cache-miss
57 http fetch GET 200 https://registry.npmjs.org/@radix-ui%2freact-separator 935ms (cache miss)
58 silly packumentCache full:https://registry.npmjs.org/@radix-ui%2freact-separator set size:undefined disposed:false
59 silly fetch manifest @radix-ui/react-tabs@*
60 silly packumentCache full:https://registry.npmjs.org/@radix-ui%2freact-tabs cache-miss
61 http fetch GET 200 https://registry.npmjs.org/@radix-ui%2freact-tabs 920ms (cache miss)
62 silly packumentCache full:https://registry.npmjs.org/@radix-ui%2freact-tabs set size:undefined disposed:false
63 silly fetch manifest @radix-ui/react-tooltip@*
64 silly packumentCache full:https://registry.npmjs.org/@radix-ui%2freact-tooltip cache-miss
65 http fetch GET 200 https://registry.npmjs.org/@radix-ui%2freact-tooltip 1315ms (cache miss)
66 silly packumentCache full:https://registry.npmjs.org/@radix-ui%2freact-tooltip set size:undefined disposed:false
67 silly placeDep ROOT @radix-ui/react-checkbox@1.3.3 OK for: subscribe-management-app@0.1.0 want: *
68 silly placeDep ROOT @radix-ui/react-dialog@1.1.15 OK for: subscribe-management-app@0.1.0 want: *
69 silly placeDep ROOT @radix-ui/react-dropdown-menu@2.1.16 OK for: subscribe-management-app@0.1.0 want: *
70 silly placeDep ROOT @radix-ui/react-label@2.1.7 OK for: subscribe-management-app@0.1.0 want: *
71 silly placeDep ROOT @radix-ui/react-select@2.2.6 OK for: subscribe-management-app@0.1.0 want: *
72 silly placeDep ROOT @radix-ui/react-separator@1.1.7 OK for: subscribe-management-app@0.1.0 want: *
73 silly placeDep ROOT @radix-ui/react-switch@1.2.6 OK for: subscribe-management-app@0.1.0 want: *
74 silly placeDep ROOT @radix-ui/react-tabs@1.1.13 OK for: subscribe-management-app@0.1.0 want: *
75 silly placeDep ROOT @radix-ui/react-tooltip@1.2.8 OK for: subscribe-management-app@0.1.0 want: *
76 silly fetch manifest @radix-ui/primitive@1.1.3
77 silly packumentCache full:https://registry.npmjs.org/@radix-ui%2fprimitive cache-miss
78 silly fetch manifest @radix-ui/react-context@1.1.2
79 silly packumentCache full:https://registry.npmjs.org/@radix-ui%2freact-context cache-miss
80 silly fetch manifest @radix-ui/react-presence@1.1.5
81 silly packumentCache full:https://registry.npmjs.org/@radix-ui%2freact-presence cache-miss
82 silly fetch manifest @radix-ui/react-use-size@1.1.1
83 silly packumentCache full:https://registry.npmjs.org/@radix-ui%2freact-use-size cache-miss
84 silly fetch manifest @radix-ui/react-primitive@2.1.3
85 silly packumentCache full:https://registry.npmjs.org/@radix-ui%2freact-primitive cache-miss
86 silly fetch manifest @radix-ui/react-use-previous@1.1.1
87 silly packumentCache full:https://registry.npmjs.org/@radix-ui%2freact-use-previous cache-miss
88 silly fetch manifest @radix-ui/react-use-controllable-state@1.2.2
89 silly packumentCache full:https://registry.npmjs.org/@radix-ui%2freact-use-controllable-state cache-miss
90 http fetch GET 200 https://registry.npmjs.org/@radix-ui%2fprimitive 940ms (cache miss)
91 silly packumentCache full:https://registry.npmjs.org/@radix-ui%2fprimitive set size:undefined disposed:false
92 silly fetch manifest aria-hidden@^1.2.4
93 silly packumentCache full:https://registry.npmjs.org/aria-hidden cache-miss
94 http fetch GET 200 https://registry.npmjs.org/@radix-ui%2freact-presence 1321ms (cache miss)
95 silly packumentCache full:https://registry.npmjs.org/@radix-ui%2freact-presence set size:undefined disposed:false
96 silly fetch manifest @radix-ui/react-id@1.1.1
97 silly packumentCache full:https://registry.npmjs.org/@radix-ui%2freact-id cache-miss
98 http fetch GET 200 https://registry.npmjs.org/aria-hidden 578ms (cache miss)
99 silly packumentCache full:https://registry.npmjs.org/aria-hidden set size:undefined disposed:false
100 silly fetch manifest react-remove-scroll@^2.6.3
101 silly packumentCache full:https://registry.npmjs.org/react-remove-scroll cache-miss
102 http fetch GET 200 https://registry.npmjs.org/@radix-ui%2freact-id 306ms (cache miss)
103 silly packumentCache full:https://registry.npmjs.org/@radix-ui%2freact-id set size:undefined disposed:false
104 silly fetch manifest @radix-ui/react-portal@1.1.9
105 silly packumentCache full:https://registry.npmjs.org/@radix-ui%2freact-portal cache-miss
106 http fetch GET 200 https://registry.npmjs.org/@radix-ui%2freact-use-controllable-state 1733ms (cache miss)
107 silly packumentCache full:https://registry.npmjs.org/@radix-ui%2freact-use-controllable-state set size:undefined disposed:false
108 silly fetch manifest @radix-ui/react-context@1.1.2
109 silly packumentCache full:https://registry.npmjs.org/@radix-ui%2freact-context cache-miss
110 http fetch GET 200 https://registry.npmjs.org/@radix-ui%2freact-use-previous 1790ms (cache miss)
111 silly packumentCache full:https://registry.npmjs.org/@radix-ui%2freact-use-previous set size:undefined disposed:false
112 silly fetch manifest @radix-ui/react-primitive@2.1.3
113 silly packumentCache full:https://registry.npmjs.org/@radix-ui%2freact-primitive cache-miss
114 http fetch GET 200 https://registry.npmjs.org/@radix-ui%2freact-use-size 1855ms (cache miss)
115 silly packumentCache full:https://registry.npmjs.org/@radix-ui%2freact-use-size set size:undefined disposed:false
116 silly fetch manifest @radix-ui/react-focus-scope@1.1.7
117 silly packumentCache full:https://registry.npmjs.org/@radix-ui%2freact-focus-scope cache-miss
118 http fetch GET 200 https://registry.npmjs.org/react-remove-scroll 527ms (cache miss)
119 silly packumentCache full:https://registry.npmjs.org/react-remove-scroll set size:undefined disposed:false
120 silly fetch manifest @radix-ui/react-focus-guards@1.1.3
121 silly packumentCache full:https://registry.npmjs.org/@radix-ui%2freact-focus-guards cache-miss
122 http fetch GET 200 https://registry.npmjs.org/@radix-ui%2freact-primitive 2164ms (cache miss)
123 silly packumentCache full:https://registry.npmjs.org/@radix-ui%2freact-primitive set size:undefined disposed:false
124 silly fetch manifest @radix-ui/react-dismissable-layer@1.1.11
125 silly packumentCache full:https://registry.npmjs.org/@radix-ui%2freact-dismissable-layer cache-miss
126 http fetch GET 200 https://registry.npmjs.org/@radix-ui%2freact-portal 628ms (cache miss)
127 silly packumentCache full:https://registry.npmjs.org/@radix-ui%2freact-portal set size:undefined disposed:false
128 silly fetch manifest @radix-ui/react-menu@2.1.16
129 silly packumentCache full:https://registry.npmjs.org/@radix-ui%2freact-menu cache-miss
130 http fetch GET 200 https://registry.npmjs.org/@radix-ui%2freact-context 2413ms (cache miss)
131 silly packumentCache full:https://registry.npmjs.org/@radix-ui%2freact-context set size:undefined disposed:false
132 silly fetch manifest @radix-ui/number@1.1.1
133 silly packumentCache full:https://registry.npmjs.org/@radix-ui%2fnumber cache-miss
134 http fetch GET 200 https://registry.npmjs.org/@radix-ui%2freact-menu 413ms (cache miss)
135 silly packumentCache full:https://registry.npmjs.org/@radix-ui%2freact-menu set size:undefined disposed:false
136 silly fetch manifest @radix-ui/react-popper@1.2.8
137 silly packumentCache full:https://registry.npmjs.org/@radix-ui%2freact-popper cache-miss
138 http fetch GET 200 https://registry.npmjs.org/@radix-ui%2freact-context 943ms (cache miss)
139 silly packumentCache full:https://registry.npmjs.org/@radix-ui%2freact-context set size:undefined disposed:false
140 silly fetch manifest @radix-ui/react-direction@1.1.1
141 silly packumentCache full:https://registry.npmjs.org/@radix-ui%2freact-direction cache-miss
142 http fetch GET 200 https://registry.npmjs.org/@radix-ui%2freact-primitive 1060ms (cache miss)
143 silly packumentCache full:https://registry.npmjs.org/@radix-ui%2freact-primitive set size:undefined disposed:false
144 silly fetch manifest @radix-ui/react-collection@1.1.7
145 silly packumentCache full:https://registry.npmjs.org/@radix-ui%2freact-collection cache-miss
146 http fetch GET 200 https://registry.npmjs.org/@radix-ui%2freact-focus-scope 1050ms (cache miss)
147 silly packumentCache full:https://registry.npmjs.org/@radix-ui%2freact-focus-scope set size:undefined disposed:false
148 silly fetch manifest @radix-ui/react-focus-guards@1.1.3
149 silly packumentCache full:https://registry.npmjs.org/@radix-ui%2freact-focus-guards cache-miss
150 http fetch GET 200 https://registry.npmjs.org/@radix-ui%2freact-dismissable-layer 788ms (cache miss)
151 silly packumentCache full:https://registry.npmjs.org/@radix-ui%2freact-dismissable-layer set size:undefined disposed:false
152 silly fetch manifest @radix-ui/react-visually-hidden@1.2.3
153 silly packumentCache full:https://registry.npmjs.org/@radix-ui%2freact-visually-hidden cache-miss
154 http fetch GET 200 https://registry.npmjs.org/@radix-ui%2fnumber 549ms (cache miss)
155 silly packumentCache full:https://registry.npmjs.org/@radix-ui%2fnumber set size:undefined disposed:false
156 silly fetch manifest @radix-ui/react-use-callback-ref@1.1.1
157 silly packumentCache full:https://registry.npmjs.org/@radix-ui%2freact-use-callback-ref cache-miss
158 http fetch GET 200 https://registry.npmjs.org/@radix-ui%2freact-focus-guards 961ms (cache miss)
159 silly packumentCache full:https://registry.npmjs.org/@radix-ui%2freact-focus-guards set size:undefined disposed:false
160 silly fetch manifest @radix-ui/react-use-layout-effect@1.1.1
161 silly packumentCache full:https://registry.npmjs.org/@radix-ui%2freact-use-layout-effect cache-miss
162 http fetch GET 200 https://registry.npmjs.org/@radix-ui%2freact-popper 635ms (cache miss)
163 silly packumentCache full:https://registry.npmjs.org/@radix-ui%2freact-popper set size:undefined disposed:false
164 silly fetch manifest @radix-ui/react-direction@1.1.1
165 silly packumentCache full:https://registry.npmjs.org/@radix-ui%2freact-direction cache-miss
166 http fetch GET 200 https://registry.npmjs.org/@radix-ui%2freact-direction 856ms (cache miss)
167 silly packumentCache full:https://registry.npmjs.org/@radix-ui%2freact-direction set size:undefined disposed:false
168 silly fetch manifest @radix-ui/react-roving-focus@1.1.11
169 silly packumentCache full:https://registry.npmjs.org/@radix-ui%2freact-roving-focus cache-miss
170 http fetch GET 200 https://registry.npmjs.org/@radix-ui%2freact-direction 305ms (cache miss)
171 silly packumentCache full:https://registry.npmjs.org/@radix-ui%2freact-direction set size:undefined disposed:false
172 silly fetch manifest @radix-ui/react-visually-hidden@1.2.3
173 silly packumentCache full:https://registry.npmjs.org/@radix-ui%2freact-visually-hidden cache-miss
174 http fetch GET 200 https://registry.npmjs.org/@radix-ui%2freact-use-callback-ref 781ms (cache miss)
175 silly packumentCache full:https://registry.npmjs.org/@radix-ui%2freact-use-callback-ref set size:undefined disposed:false
176 http fetch GET 200 https://registry.npmjs.org/@radix-ui%2freact-focus-guards 1014ms (cache miss)
177 silly packumentCache full:https://registry.npmjs.org/@radix-ui%2freact-focus-guards set size:undefined disposed:false
178 http fetch GET 200 https://registry.npmjs.org/@radix-ui%2freact-collection 1073ms (cache miss)
179 silly packumentCache full:https://registry.npmjs.org/@radix-ui%2freact-collection set size:undefined disposed:false
180 http fetch GET 200 https://registry.npmjs.org/@radix-ui%2freact-use-layout-effect 1135ms (cache miss)
181 silly packumentCache full:https://registry.npmjs.org/@radix-ui%2freact-use-layout-effect set size:undefined disposed:false
182 http fetch GET 200 https://registry.npmjs.org/@radix-ui%2freact-visually-hidden 643ms (cache miss)
183 silly packumentCache full:https://registry.npmjs.org/@radix-ui%2freact-visually-hidden set size:undefined disposed:false
184 http fetch GET 200 https://registry.npmjs.org/@radix-ui%2freact-visually-hidden 1342ms (cache miss)
185 silly packumentCache full:https://registry.npmjs.org/@radix-ui%2freact-visually-hidden set size:undefined disposed:false
186 http fetch GET 200 https://registry.npmjs.org/@radix-ui%2freact-roving-focus 1133ms (cache miss)
187 silly packumentCache full:https://registry.npmjs.org/@radix-ui%2freact-roving-focus set size:undefined disposed:false
188 silly fetch manifest @types/react@*
189 silly packumentCache full:https://registry.npmjs.org/@types%2freact cache-miss
190 http fetch GET 200 https://registry.npmjs.org/@types%2freact 6ms (cache hit)
191 silly packumentCache full:https://registry.npmjs.org/@types%2freact set size:2455470 disposed:false
192 silly fetch manifest react@^16.8 || ^17.0 || ^18.0 || ^19.0 || ^19.0.0-rc
193 silly packumentCache full:https://registry.npmjs.org/react cache-miss
194 http fetch GET 200 https://registry.npmjs.org/react 11ms (cache hit)
195 silly packumentCache full:https://registry.npmjs.org/react set size:6045087 disposed:false
196 silly fetch manifest @types/react-dom@*
197 silly packumentCache full:https://registry.npmjs.org/@types%2freact-dom cache-miss
198 http fetch GET 200 https://registry.npmjs.org/@types%2freact-dom 2ms (cache hit)
199 silly packumentCache full:https://registry.npmjs.org/@types%2freact-dom set size:412146 disposed:false
200 silly fetch manifest react-dom@^16.8 || ^17.0 || ^18.0 || ^19.0 || ^19.0.0-rc
201 silly packumentCache full:https://registry.npmjs.org/react-dom cache-miss
202 http fetch GET 200 https://registry.npmjs.org/react-dom 9ms (cache hit)
203 silly packumentCache full:https://registry.npmjs.org/react-dom set size:7830752 disposed:false
204 silly placeDep ROOT @radix-ui/primitive@1.1.3 OK for: @radix-ui/react-checkbox@1.3.3 want: 1.1.3
205 silly placeDep ROOT @radix-ui/react-context@1.1.2 OK for: @radix-ui/react-checkbox@1.3.3 want: 1.1.2
206 silly placeDep ROOT @radix-ui/react-presence@1.1.5 OK for: @radix-ui/react-checkbox@1.3.3 want: 1.1.5
207 silly placeDep ROOT @radix-ui/react-primitive@2.1.3 OK for: @radix-ui/react-checkbox@1.3.3 want: 2.1.3
208 silly placeDep ROOT @radix-ui/react-use-controllable-state@1.2.2 OK for: @radix-ui/react-checkbox@1.3.3 want: 1.2.2
209 silly placeDep ROOT @radix-ui/react-use-previous@1.1.1 OK for: @radix-ui/react-checkbox@1.3.3 want: 1.1.1
210 silly placeDep ROOT @radix-ui/react-use-size@1.1.1 OK for: @radix-ui/react-checkbox@1.3.3 want: 1.1.1
211 silly fetch manifest @radix-ui/react-use-effect-event@0.0.2
212 silly packumentCache full:https://registry.npmjs.org/@radix-ui%2freact-use-effect-event cache-miss
213 http fetch GET 200 https://registry.npmjs.org/@radix-ui%2freact-use-effect-event 595ms (cache miss)
214 silly packumentCache full:https://registry.npmjs.org/@radix-ui%2freact-use-effect-event set size:undefined disposed:false
215 silly placeDep ROOT @radix-ui/react-dismissable-layer@1.1.11 OK for: @radix-ui/react-dialog@1.1.15 want: 1.1.11
216 silly placeDep ROOT @radix-ui/react-focus-guards@1.1.3 OK for: @radix-ui/react-dialog@1.1.15 want: 1.1.3
217 silly placeDep ROOT @radix-ui/react-focus-scope@1.1.7 OK for: @radix-ui/react-dialog@1.1.15 want: 1.1.7
218 silly placeDep ROOT @radix-ui/react-id@1.1.1 OK for: @radix-ui/react-dialog@1.1.15 want: 1.1.1
219 silly placeDep ROOT @radix-ui/react-portal@1.1.9 OK for: @radix-ui/react-dialog@1.1.15 want: 1.1.9
220 silly placeDep ROOT aria-hidden@1.2.6 OK for: @radix-ui/react-dialog@1.1.15 want: ^1.2.4
221 silly placeDep ROOT react-remove-scroll@2.7.1 OK for: @radix-ui/react-dialog@1.1.15 want: ^2.6.3
222 silly fetch manifest @radix-ui/react-use-escape-keydown@1.1.1
223 silly packumentCache full:https://registry.npmjs.org/@radix-ui%2freact-use-escape-keydown cache-miss
224 silly fetch manifest react-remove-scroll-bar@^2.3.7
225 silly packumentCache full:https://registry.npmjs.org/react-remove-scroll-bar cache-miss
226 silly fetch manifest react-style-singleton@^2.2.3
227 silly packumentCache full:https://registry.npmjs.org/react-style-singleton cache-miss
228 silly fetch manifest use-callback-ref@^1.3.3
229 silly packumentCache full:https://registry.npmjs.org/use-callback-ref cache-miss
230 silly fetch manifest use-sidecar@^1.1.3
231 silly packumentCache full:https://registry.npmjs.org/use-sidecar cache-miss
232 http fetch GET 200 https://registry.npmjs.org/use-callback-ref 321ms (cache miss)
233 silly packumentCache full:https://registry.npmjs.org/use-callback-ref set size:undefined disposed:false
234 http fetch GET 200 https://registry.npmjs.org/react-remove-scroll-bar 520ms (cache miss)
235 silly packumentCache full:https://registry.npmjs.org/react-remove-scroll-bar set size:undefined disposed:false
236 http fetch GET 200 https://registry.npmjs.org/react-style-singleton 559ms (cache miss)
237 silly packumentCache full:https://registry.npmjs.org/react-style-singleton set size:undefined disposed:false
238 http fetch GET 200 https://registry.npmjs.org/use-sidecar 578ms (cache miss)
239 silly packumentCache full:https://registry.npmjs.org/use-sidecar set size:undefined disposed:false
240 http fetch GET 200 https://registry.npmjs.org/@radix-ui%2freact-use-escape-keydown 680ms (cache miss)
241 silly packumentCache full:https://registry.npmjs.org/@radix-ui%2freact-use-escape-keydown set size:undefined disposed:false
242 silly placeDep ROOT @radix-ui/react-use-callback-ref@1.1.1 OK for: @radix-ui/react-dismissable-layer@1.1.11 want: 1.1.1
243 silly placeDep ROOT @radix-ui/react-use-escape-keydown@1.1.1 OK for: @radix-ui/react-dismissable-layer@1.1.11 want: 1.1.1
244 silly placeDep ROOT @radix-ui/react-menu@2.1.16 OK for: @radix-ui/react-dropdown-menu@2.1.16 want: 2.1.16
245 silly placeDep ROOT @radix-ui/react-use-layout-effect@1.1.1 OK for: @radix-ui/react-id@1.1.1 want: 1.1.1
246 silly placeDep ROOT @radix-ui/react-collection@1.1.7 OK for: @radix-ui/react-menu@2.1.16 want: 1.1.7
247 silly placeDep ROOT @radix-ui/react-direction@1.1.1 OK for: @radix-ui/react-menu@2.1.16 want: 1.1.1
248 silly placeDep ROOT @radix-ui/react-popper@1.2.8 OK for: @radix-ui/react-menu@2.1.16 want: 1.2.8
249 silly placeDep ROOT @radix-ui/react-roving-focus@1.1.11 OK for: @radix-ui/react-menu@2.1.16 want: 1.1.11
250 silly fetch manifest @radix-ui/rect@1.1.1
251 silly packumentCache full:https://registry.npmjs.org/@radix-ui%2frect cache-miss
252 silly fetch manifest @radix-ui/react-arrow@1.1.7
253 silly packumentCache full:https://registry.npmjs.org/@radix-ui%2freact-arrow cache-miss
254 silly fetch manifest @floating-ui/react-dom@^2.0.0
255 silly packumentCache full:https://registry.npmjs.org/@floating-ui%2freact-dom cache-miss
256 silly fetch manifest @radix-ui/react-use-rect@1.1.1
257 silly packumentCache full:https://registry.npmjs.org/@radix-ui%2freact-use-rect cache-miss
258 http fetch GET 200 https://registry.npmjs.org/@floating-ui%2freact-dom 315ms (cache miss)
259 silly packumentCache full:https://registry.npmjs.org/@floating-ui%2freact-dom set size:undefined disposed:false
260 http fetch GET 200 https://registry.npmjs.org/@radix-ui%2frect 874ms (cache miss)
261 silly packumentCache full:https://registry.npmjs.org/@radix-ui%2frect set size:undefined disposed:false
262 http fetch GET 200 https://registry.npmjs.org/@radix-ui%2freact-use-rect 883ms (cache miss)
263 silly packumentCache full:https://registry.npmjs.org/@radix-ui%2freact-use-rect set size:undefined disposed:false
264 http fetch GET 200 https://registry.npmjs.org/@radix-ui%2freact-arrow 1141ms (cache miss)
265 silly packumentCache full:https://registry.npmjs.org/@radix-ui%2freact-arrow set size:undefined disposed:false
266 silly placeDep ROOT @floating-ui/react-dom@2.1.6 OK for: @radix-ui/react-popper@1.2.8 want: ^2.0.0
267 silly placeDep ROOT @radix-ui/react-arrow@1.1.7 OK for: @radix-ui/react-popper@1.2.8 want: 1.1.7
268 silly placeDep ROOT @radix-ui/react-use-rect@1.1.1 OK for: @radix-ui/react-popper@1.2.8 want: 1.1.1
269 silly placeDep ROOT @radix-ui/rect@1.1.1 OK for: @radix-ui/react-popper@1.2.8 want: 1.1.1
270 silly fetch manifest @floating-ui/dom@^1.7.4
271 silly packumentCache full:https://registry.npmjs.org/@floating-ui%2fdom cache-miss
272 http fetch GET 200 https://registry.npmjs.org/@floating-ui%2fdom 1547ms (cache miss)
273 silly packumentCache full:https://registry.npmjs.org/@floating-ui%2fdom set size:undefined disposed:false
274 silly placeDep ROOT @floating-ui/dom@1.7.4 OK for: @floating-ui/react-dom@2.1.6 want: ^1.7.4
275 silly fetch manifest @floating-ui/core@^1.7.3
276 silly packumentCache full:https://registry.npmjs.org/@floating-ui%2fcore cache-miss
277 silly fetch manifest @floating-ui/utils@^0.2.10
278 silly packumentCache full:https://registry.npmjs.org/@floating-ui%2futils cache-miss
279 http fetch GET 200 https://registry.npmjs.org/@floating-ui%2futils 549ms (cache miss)
280 silly packumentCache full:https://registry.npmjs.org/@floating-ui%2futils set size:undefined disposed:false
281 http fetch GET 200 https://registry.npmjs.org/@floating-ui%2fcore 574ms (cache miss)
282 silly packumentCache full:https://registry.npmjs.org/@floating-ui%2fcore set size:undefined disposed:false
283 silly placeDep ROOT @floating-ui/core@1.7.3 OK for: @floating-ui/dom@1.7.4 want: ^1.7.3
284 silly placeDep ROOT @floating-ui/utils@0.2.10 OK for: @floating-ui/dom@1.7.4 want: ^0.2.10
285 silly placeDep ROOT @radix-ui/number@1.1.1 OK for: @radix-ui/react-select@2.2.6 want: 1.1.1
286 silly placeDep ROOT @radix-ui/react-visually-hidden@1.2.3 OK for: @radix-ui/react-select@2.2.6 want: 1.2.3
287 silly placeDep ROOT @radix-ui/react-use-effect-event@0.0.2 OK for: @radix-ui/react-use-controllable-state@1.2.2 want: 0.0.2
288 silly fetch manifest react@^16.8.0 || ^17.0.0 || ^18.0.0 || ^19.0.0 || ^19.0.0-rc
289 silly packumentCache full:https://registry.npmjs.org/react cache-miss
290 http fetch GET 200 https://registry.npmjs.org/react 7ms (cache hit)
291 silly packumentCache full:https://registry.npmjs.org/react set size:6045087 disposed:false
292 silly placeDep ROOT react-remove-scroll-bar@2.3.8 OK for: react-remove-scroll@2.7.1 want: ^2.3.7
293 silly placeDep ROOT react-style-singleton@2.2.3 OK for: react-remove-scroll@2.7.1 want: ^2.2.3
294 silly placeDep ROOT use-callback-ref@1.3.3 OK for: react-remove-scroll@2.7.1 want: ^1.3.3
295 silly placeDep ROOT use-sidecar@1.1.3 OK for: react-remove-scroll@2.7.1 want: ^1.1.3
296 silly fetch manifest react-style-singleton@^2.2.2
297 silly packumentCache full:https://registry.npmjs.org/react-style-singleton cache-miss
298 silly fetch manifest get-nonce@^1.0.0
299 silly packumentCache full:https://registry.npmjs.org/get-nonce cache-miss
300 silly fetch manifest detect-node-es@^1.1.0
301 silly packumentCache full:https://registry.npmjs.org/detect-node-es cache-miss
302 http fetch GET 200 https://registry.npmjs.org/react-style-singleton 4ms (cache hit)
303 silly packumentCache full:https://registry.npmjs.org/react-style-singleton set size:33682 disposed:false
304 http fetch GET 200 https://registry.npmjs.org/get-nonce 267ms (cache miss)
305 silly packumentCache full:https://registry.npmjs.org/get-nonce set size:undefined disposed:false
306 http fetch GET 200 https://registry.npmjs.org/detect-node-es 567ms (cache miss)
307 silly packumentCache full:https://registry.npmjs.org/detect-node-es set size:undefined disposed:false
308 silly placeDep ROOT get-nonce@1.0.1 OK for: react-style-singleton@2.2.3 want: ^1.0.0
309 silly placeDep ROOT detect-node-es@1.1.0 OK for: use-sidecar@1.1.3 want: ^1.1.0
310 silly reify moves {}
311 verbose reify failed optional dependency /Users/momo/Documents/project/subscribe-management-app/node_modules/@tailwindcss/oxide-wasm32-wasi
312 silly reify mark deleted [
312 silly reify   '/Users/momo/Documents/project/subscribe-management-app/node_modules/@tailwindcss/oxide-wasm32-wasi'
312 silly reify ]
313 silly audit bulk request {
313 silly audit   '@alloc/quick-lru': [ '5.2.0' ],
313 silly audit   '@emnapi/core': [ '1.5.0' ],
313 silly audit   '@emnapi/runtime': [ '1.5.0' ],
313 silly audit   '@emnapi/wasi-threads': [ '1.1.0' ],
313 silly audit   '@eslint-community/eslint-utils': [ '4.9.0' ],
313 silly audit   'eslint-visitor-keys': [ '3.4.3', '4.2.1' ],
313 silly audit   '@eslint-community/regexpp': [ '4.12.1' ],
313 silly audit   '@eslint/config-array': [ '0.21.0' ],
313 silly audit   '@eslint/config-helpers': [ '0.3.1' ],
313 silly audit   '@eslint/core': [ '0.15.2' ],
313 silly audit   '@eslint/eslintrc': [ '3.3.1' ],
313 silly audit   '@eslint/js': [ '9.35.0' ],
313 silly audit   '@eslint/object-schema': [ '2.1.6' ],
313 silly audit   '@eslint/plugin-kit': [ '0.3.5' ],
313 silly audit   '@humanfs/core': [ '0.19.1' ],
313 silly audit   '@humanfs/node': [ '0.16.7' ],
313 silly audit   '@humanwhocodes/module-importer': [ '1.0.1' ],
313 silly audit   '@humanwhocodes/retry': [ '0.4.3' ],
313 silly audit   '@img/sharp-darwin-arm64': [ '0.34.3' ],
313 silly audit   '@img/sharp-darwin-x64': [ '0.34.3' ],
313 silly audit   '@img/sharp-libvips-darwin-arm64': [ '1.2.0' ],
313 silly audit   '@img/sharp-libvips-darwin-x64': [ '1.2.0' ],
313 silly audit   '@img/sharp-libvips-linux-arm': [ '1.2.0' ],
313 silly audit   '@img/sharp-libvips-linux-arm64': [ '1.2.0' ],
313 silly audit   '@img/sharp-libvips-linux-ppc64': [ '1.2.0' ],
313 silly audit   '@img/sharp-libvips-linux-s390x': [ '1.2.0' ],
313 silly audit   '@img/sharp-libvips-linux-x64': [ '1.2.0' ],
313 silly audit   '@img/sharp-libvips-linuxmusl-arm64': [ '1.2.0' ],
313 silly audit   '@img/sharp-libvips-linuxmusl-x64': [ '1.2.0' ],
313 silly audit   '@img/sharp-linux-arm': [ '0.34.3' ],
313 silly audit   '@img/sharp-linux-arm64': [ '0.34.3' ],
313 silly audit   '@img/sharp-linux-ppc64': [ '0.34.3' ],
313 silly audit   '@img/sharp-linux-s390x': [ '0.34.3' ],
313 silly audit   '@img/sharp-linux-x64': [ '0.34.3' ],
313 silly audit   '@img/sharp-linuxmusl-arm64': [ '0.34.3' ],
313 silly audit   '@img/sharp-linuxmusl-x64': [ '0.34.3' ],
313 silly audit   '@img/sharp-wasm32': [ '0.34.3' ],
313 silly audit   '@img/sharp-win32-arm64': [ '0.34.3' ],
313 silly audit   '@img/sharp-win32-ia32': [ '0.34.3' ],
313 silly audit   '@img/sharp-win32-x64': [ '0.34.3' ],
313 silly audit   '@isaacs/fs-minipass': [ '4.0.1' ],
313 silly audit   '@jridgewell/gen-mapping': [ '0.3.13' ],
313 silly audit   '@jridgewell/remapping': [ '2.3.5' ],
313 silly audit   '@jridgewell/resolve-uri': [ '3.1.2' ],
313 silly audit   '@jridgewell/sourcemap-codec': [ '1.5.5' ],
313 silly audit   '@jridgewell/trace-mapping': [ '0.3.31' ],
313 silly audit   '@napi-rs/wasm-runtime': [ '0.2.12' ],
313 silly audit   '@next/env': [ '15.5.3' ],
313 silly audit   '@next/eslint-plugin-next': [ '15.5.3' ],
313 silly audit   '@next/swc-darwin-arm64': [ '15.5.3' ],
313 silly audit   '@next/swc-darwin-x64': [ '15.5.3' ],
313 silly audit   '@next/swc-linux-arm64-gnu': [ '15.5.3' ],
313 silly audit   '@next/swc-linux-arm64-musl': [ '15.5.3' ],
313 silly audit   '@next/swc-linux-x64-gnu': [ '15.5.3' ],
313 silly audit   '@next/swc-linux-x64-musl': [ '15.5.3' ],
313 silly audit   '@next/swc-win32-arm64-msvc': [ '15.5.3' ],
313 silly audit   '@next/swc-win32-x64-msvc': [ '15.5.3' ],
313 silly audit   '@nodelib/fs.scandir': [ '2.1.5' ],
313 silly audit   '@nodelib/fs.stat': [ '2.0.5' ],
313 silly audit   '@nodelib/fs.walk': [ '1.2.8' ],
313 silly audit   '@nolyfill/is-core-module': [ '1.0.39' ],
313 silly audit   '@radix-ui/react-compose-refs': [ '1.1.2' ],
313 silly audit   '@radix-ui/react-slot': [ '1.2.3' ],
313 silly audit   '@rtsao/scc': [ '1.1.0' ],
313 silly audit   '@rushstack/eslint-patch': [ '1.12.0' ],
313 silly audit   '@swc/helpers': [ '0.5.15' ],
313 silly audit   '@tailwindcss/node': [ '4.1.13' ],
313 silly audit   '@tailwindcss/oxide': [ '4.1.13' ],
313 silly audit   '@tailwindcss/oxide-android-arm64': [ '4.1.13' ],
313 silly audit   '@tailwindcss/oxide-darwin-arm64': [ '4.1.13' ],
313 silly audit   '@tailwindcss/oxide-darwin-x64': [ '4.1.13' ],
313 silly audit   '@tailwindcss/oxide-freebsd-x64': [ '4.1.13' ],
313 silly audit   '@tailwindcss/oxide-linux-arm-gnueabihf': [ '4.1.13' ],
313 silly audit   '@tailwindcss/oxide-linux-arm64-gnu': [ '4.1.13' ],
313 silly audit   '@tailwindcss/oxide-linux-arm64-musl': [ '4.1.13' ],
313 silly audit   '@tailwindcss/oxide-linux-x64-gnu': [ '4.1.13' ],
313 silly audit   '@tailwindcss/oxide-linux-x64-musl': [ '4.1.13' ],
313 silly audit   '@tailwindcss/oxide-win32-arm64-msvc': [ '4.1.13' ],
313 silly audit   '@tailwindcss/oxide-win32-x64-msvc': [ '4.1.13' ],
313 silly audit   '@tailwindcss/postcss': [ '4.1.13' ],
313 silly audit   '@tybys/wasm-util': [ '0.10.1' ],
313 silly audit   '@types/estree': [ '1.0.8' ],
313 silly audit   '@types/json-schema': [ '7.0.15' ],
313 silly audit   '@types/json5': [ '0.0.29' ],
313 silly audit   '@types/node': [ '20.19.14' ],
313 silly audit   '@types/react': [ '19.1.13' ],
313 silly audit   '@types/react-dom': [ '19.1.9' ],
313 silly audit   '@typescript-eslint/eslint-plugin': [ '8.43.0' ],
313 silly audit   ignore: [ '7.0.5', '5.3.2' ],
313 silly audit   '@typescript-eslint/parser': [ '8.43.0' ],
313 silly audit   '@typescript-eslint/project-service': [ '8.43.0' ],
313 silly audit   '@typescript-eslint/scope-manager': [ '8.43.0' ],
313 silly audit   '@typescript-eslint/tsconfig-utils': [ '8.43.0' ],
313 silly audit   '@typescript-eslint/type-utils': [ '8.43.0' ],
313 silly audit   '@typescript-eslint/types': [ '8.43.0' ],
313 silly audit   '@typescript-eslint/typescript-estree': [ '8.43.0' ],
313 silly audit   'brace-expansion': [ '2.0.2', '1.1.12' ],
313 silly audit   'fast-glob': [ '3.3.3', '3.3.1' ],
313 silly audit   'glob-parent': [ '5.1.2', '6.0.2' ],
313 silly audit   minimatch: [ '9.0.5', '3.1.2' ],
313 silly audit   '@typescript-eslint/utils': [ '8.43.0' ],
313 silly audit   '@typescript-eslint/visitor-keys': [ '8.43.0' ],
313 silly audit   '@unrs/resolver-binding-android-arm-eabi': [ '1.11.1' ],
313 silly audit   '@unrs/resolver-binding-android-arm64': [ '1.11.1' ],
313 silly audit   '@unrs/resolver-binding-darwin-arm64': [ '1.11.1' ],
313 silly audit   '@unrs/resolver-binding-darwin-x64': [ '1.11.1' ],
313 silly audit   '@unrs/resolver-binding-freebsd-x64': [ '1.11.1' ],
313 silly audit   '@unrs/resolver-binding-linux-arm-gnueabihf': [ '1.11.1' ],
313 silly audit   '@unrs/resolver-binding-linux-arm-musleabihf': [ '1.11.1' ],
313 silly audit   '@unrs/resolver-binding-linux-arm64-gnu': [ '1.11.1' ],
313 silly audit   '@unrs/resolver-binding-linux-arm64-musl': [ '1.11.1' ],
313 silly audit   '@unrs/resolver-binding-linux-ppc64-gnu': [ '1.11.1' ],
313 silly audit   '@unrs/resolver-binding-linux-riscv64-gnu': [ '1.11.1' ],
313 silly audit   '@unrs/resolver-binding-linux-riscv64-musl': [ '1.11.1' ],
313 silly audit   '@unrs/resolver-binding-linux-s390x-gnu': [ '1.11.1' ],
313 silly audit   '@unrs/resolver-binding-linux-x64-gnu': [ '1.11.1' ],
313 silly audit   '@unrs/resolver-binding-linux-x64-musl': [ '1.11.1' ],
313 silly audit   '@unrs/resolver-binding-wasm32-wasi': [ '1.11.1' ],
313 silly audit   '@unrs/resolver-binding-win32-arm64-msvc': [ '1.11.1' ],
313 silly audit   '@unrs/resolver-binding-win32-ia32-msvc': [ '1.11.1' ],
313 silly audit   '@unrs/resolver-binding-win32-x64-msvc': [ '1.11.1' ],
313 silly audit   acorn: [ '8.15.0' ],
313 silly audit   'acorn-jsx': [ '5.3.2' ],
313 silly audit   ajv: [ '6.12.6' ],
313 silly audit   'ansi-styles': [ '4.3.0' ],
313 silly audit   argparse: [ '2.0.1' ],
313 silly audit   'aria-query': [ '5.3.2' ],
313 silly audit   'array-buffer-byte-length': [ '1.0.2' ],
313 silly audit   'array-includes': [ '3.1.9' ],
313 silly audit   'array.prototype.findlast': [ '1.2.5' ],
313 silly audit   'array.prototype.findlastindex': [ '1.2.6' ],
313 silly audit   'array.prototype.flat': [ '1.3.3' ],
313 silly audit   'array.prototype.flatmap': [ '1.3.3' ],
313 silly audit   'array.prototype.tosorted': [ '1.1.4' ],
313 silly audit   'arraybuffer.prototype.slice': [ '1.0.4' ],
313 silly audit   'ast-types-flow': [ '0.0.8' ],
313 silly audit   'async-function': [ '1.0.0' ],
313 silly audit   'available-typed-arrays': [ '1.0.7' ],
313 silly audit   'axe-core': [ '4.10.3' ],
313 silly audit   'axobject-query': [ '4.1.0' ],
313 silly audit   'balanced-match': [ '1.0.2' ],
313 silly audit   braces: [ '3.0.3' ],
313 silly audit   'call-bind': [ '1.0.8' ],
313 silly audit   'call-bind-apply-helpers': [ '1.0.2' ],
313 silly audit   'call-bound': [ '1.0.4' ],
313 silly audit   callsites: [ '3.1.0' ],
313 silly audit   'caniuse-lite': [ '1.0.30001741' ],
313 silly audit   chalk: [ '4.1.2' ],
313 silly audit   chownr: [ '3.0.0' ],
313 silly audit   'class-variance-authority': [ '0.7.1' ],
313 silly audit   'client-only': [ '0.0.1' ],
313 silly audit   clsx: [ '2.1.1' ],
313 silly audit   color: [ '4.2.3' ],
313 silly audit   'color-convert': [ '2.0.1' ],
313 silly audit   'color-name': [ '1.1.4' ],
313 silly audit   'color-string': [ '1.9.1' ],
313 silly audit   'concat-map': [ '0.0.1' ],
313 silly audit   'cross-spawn': [ '7.0.6' ],
313 silly audit   csstype: [ '3.1.3' ],
313 silly audit   'damerau-levenshtein': [ '1.0.8' ],
313 silly audit   'data-view-buffer': [ '1.0.2' ],
313 silly audit   'data-view-byte-length': [ '1.0.2' ],
313 silly audit   'data-view-byte-offset': [ '1.0.1' ],
313 silly audit   debug: [ '4.4.1', '3.2.7' ],
313 silly audit   'deep-is': [ '0.1.4' ],
313 silly audit   'define-data-property': [ '1.1.4' ],
313 silly audit   'define-properties': [ '1.2.1' ],
313 silly audit   'detect-libc': [ '2.0.4' ],
313 silly audit   doctrine: [ '2.1.0' ],
313 silly audit   'dunder-proto': [ '1.0.1' ],
313 silly audit   'emoji-regex': [ '9.2.2' ],
313 silly audit   'enhanced-resolve': [ '5.18.3' ],
313 silly audit   'es-abstract': [ '1.24.0' ],
313 silly audit   'es-define-property': [ '1.0.1' ],
313 silly audit   'es-errors': [ '1.3.0' ],
313 silly audit   'es-iterator-helpers': [ '1.2.1' ],
313 silly audit   'es-object-atoms': [ '1.1.1' ],
313 silly audit   'es-set-tostringtag': [ '2.1.0' ],
313 silly audit   'es-shim-unscopables': [ '1.1.0' ],
313 silly audit   'es-to-primitive': [ '1.3.0' ],
313 silly audit   'escape-string-regexp': [ '4.0.0' ],
313 silly audit   eslint: [ '9.35.0' ],
313 silly audit   'eslint-config-next': [ '15.5.3' ],
313 silly audit   'eslint-import-resolver-node': [ '0.3.9' ],
313 silly audit   'eslint-import-resolver-typescript': [ '3.10.1' ],
313 silly audit   'eslint-module-utils': [ '2.12.1' ],
313 silly audit   'eslint-plugin-import': [ '2.32.0' ],
313 silly audit   semver: [ '6.3.1', '7.7.2' ],
313 silly audit   'eslint-plugin-jsx-a11y': [ '6.10.2' ],
313 silly audit   'eslint-plugin-react': [ '7.37.5' ],
313 silly audit   'eslint-plugin-react-hooks': [ '5.2.0' ],
313 silly audit   resolve: [ '2.0.0-next.5', '1.22.10' ],
313 silly audit   'eslint-scope': [ '8.4.0' ],
313 silly audit   espree: [ '10.4.0' ],
313 silly audit   esquery: [ '1.6.0' ],
313 silly audit   esrecurse: [ '4.3.0' ],
313 silly audit   estraverse: [ '5.3.0' ],
313 silly audit   esutils: [ '2.0.3' ],
313 silly audit   'fast-deep-equal': [ '3.1.3' ],
313 silly audit   'fast-json-stable-stringify': [ '2.1.0' ],
313 silly audit   'fast-levenshtein': [ '2.0.6' ],
313 silly audit   fastq: [ '1.19.1' ],
313 silly audit   'file-entry-cache': [ '8.0.0' ],
313 silly audit   'fill-range': [ '7.1.1' ],
313 silly audit   'find-up': [ '5.0.0' ],
313 silly audit   'flat-cache': [ '4.0.1' ],
313 silly audit   flatted: [ '3.3.3' ],
313 silly audit   'for-each': [ '0.3.5' ],
313 silly audit   'function-bind': [ '1.1.2' ],
313 silly audit   'function.prototype.name': [ '1.1.8' ],
313 silly audit   'functions-have-names': [ '1.2.3' ],
313 silly audit   'get-intrinsic': [ '1.3.0' ],
313 silly audit   'get-proto': [ '1.0.1' ],
313 silly audit   'get-symbol-description': [ '1.1.0' ],
313 silly audit   'get-tsconfig': [ '4.10.1' ],
313 silly audit   globals: [ '14.0.0' ],
313 silly audit   globalthis: [ '1.0.4' ],
313 silly audit   gopd: [ '1.2.0' ],
313 silly audit   'graceful-fs': [ '4.2.11' ],
313 silly audit   graphemer: [ '1.4.0' ],
313 silly audit   'has-bigints': [ '1.1.0' ],
313 silly audit   'has-flag': [ '4.0.0' ],
313 silly audit   'has-property-descriptors': [ '1.0.2' ],
313 silly audit   'has-proto': [ '1.2.0' ],
313 silly audit   'has-symbols': [ '1.1.0' ],
313 silly audit   'has-tostringtag': [ '1.0.2' ],
313 silly audit   hasown: [ '2.0.2' ],
313 silly audit   'import-fresh': [ '3.3.1' ],
313 silly audit   imurmurhash: [ '0.1.4' ],
313 silly audit   'internal-slot': [ '1.1.0' ],
313 silly audit   'is-array-buffer': [ '3.0.5' ],
313 silly audit   'is-arrayish': [ '0.3.2' ],
313 silly audit   'is-async-function': [ '2.1.1' ],
313 silly audit   'is-bigint': [ '1.1.0' ],
313 silly audit   'is-boolean-object': [ '1.2.2' ],
313 silly audit   'is-bun-module': [ '2.0.0' ],
313 silly audit   'is-callable': [ '1.2.7' ],
313 silly audit   'is-core-module': [ '2.16.1' ],
313 silly audit   'is-data-view': [ '1.0.2' ],
313 silly audit   'is-date-object': [ '1.1.0' ],
313 silly audit   'is-extglob': [ '2.1.1' ],
313 silly audit   'is-finalizationregistry': [ '1.1.1' ],
313 silly audit   'is-generator-function': [ '1.1.0' ],
313 silly audit   'is-glob': [ '4.0.3' ],
313 silly audit   'is-map': [ '2.0.3' ],
313 silly audit   'is-negative-zero': [ '2.0.3' ],
313 silly audit   'is-number': [ '7.0.0' ],
313 silly audit   'is-number-object': [ '1.1.1' ],
313 silly audit   'is-regex': [ '1.2.1' ],
313 silly audit   'is-set': [ '2.0.3' ],
313 silly audit   'is-shared-array-buffer': [ '1.0.4' ],
313 silly audit   'is-string': [ '1.1.1' ],
313 silly audit   'is-symbol': [ '1.1.1' ],
313 silly audit   'is-typed-array': [ '1.1.15' ],
313 silly audit   'is-weakmap': [ '2.0.2' ],
313 silly audit   'is-weakref': [ '1.1.1' ],
313 silly audit   'is-weakset': [ '2.0.4' ],
313 silly audit   isarray: [ '2.0.5' ],
313 silly audit   isexe: [ '2.0.0' ],
313 silly audit   'iterator.prototype': [ '1.1.5' ],
313 silly audit   jiti: [ '2.5.1' ],
313 silly audit   'js-tokens': [ '4.0.0' ],
313 silly audit   'js-yaml': [ '4.1.0' ],
313 silly audit   'json-buffer': [ '3.0.1' ],
313 silly audit   'json-schema-traverse': [ '0.4.1' ],
313 silly audit   'json-stable-stringify-without-jsonify': [ '1.0.1' ],
313 silly audit   json5: [ '1.0.2' ],
313 silly audit   'jsx-ast-utils': [ '3.3.5' ],
313 silly audit   keyv: [ '4.5.4' ],
313 silly audit   'language-subtag-registry': [ '0.3.23' ],
313 silly audit   'language-tags': [ '1.0.9' ],
313 silly audit   levn: [ '0.4.1' ],
313 silly audit   lightningcss: [ '1.30.1' ],
313 silly audit   'lightningcss-darwin-arm64': [ '1.30.1' ],
313 silly audit   'lightningcss-darwin-x64': [ '1.30.1' ],
313 silly audit   'lightningcss-freebsd-x64': [ '1.30.1' ],
313 silly audit   'lightningcss-linux-arm-gnueabihf': [ '1.30.1' ],
313 silly audit   'lightningcss-linux-arm64-gnu': [ '1.30.1' ],
313 silly audit   'lightningcss-linux-arm64-musl': [ '1.30.1' ],
313 silly audit   'lightningcss-linux-x64-gnu': [ '1.30.1' ],
313 silly audit   'lightningcss-linux-x64-musl': [ '1.30.1' ],
313 silly audit   'lightningcss-win32-arm64-msvc': [ '1.30.1' ],
313 silly audit   'lightningcss-win32-x64-msvc': [ '1.30.1' ],
313 silly audit   'locate-path': [ '6.0.0' ],
313 silly audit   'lodash.merge': [ '4.6.2' ],
313 silly audit   'loose-envify': [ '1.4.0' ],
313 silly audit   'lucide-react': [ '0.544.0' ],
313 silly audit   'magic-string': [ '0.30.19' ],
313 silly audit   'math-intrinsics': [ '1.1.0' ],
313 silly audit   merge2: [ '1.4.1' ],
313 silly audit   micromatch: [ '4.0.8' ],
313 silly audit   minimist: [ '1.2.8' ],
313 silly audit   minipass: [ '7.1.2' ],
313 silly audit   minizlib: [ '3.0.2' ],
313 silly audit   mkdirp: [ '3.0.1' ],
313 silly audit   ms: [ '2.1.3' ],
313 silly audit   nanoid: [ '3.3.11' ],
313 silly audit   'napi-postinstall': [ '0.3.3' ],
313 silly audit   'natural-compare': [ '1.4.0' ],
313 silly audit   next: [ '15.5.3' ],
313 silly audit   'next-themes': [ '0.4.6' ],
313 silly audit   postcss: [ '8.4.31', '8.5.6' ],
313 silly audit   'object-assign': [ '4.1.1' ],
313 silly audit   'object-inspect': [ '1.13.4' ],
313 silly audit   'object-keys': [ '1.1.1' ],
313 silly audit   'object.assign': [ '4.1.7' ],
313 silly audit   'object.entries': [ '1.1.9' ],
313 silly audit   'object.fromentries': [ '2.0.8' ],
313 silly audit   'object.groupby': [ '1.0.3' ],
313 silly audit   'object.values': [ '1.2.1' ],
313 silly audit   optionator: [ '0.9.4' ],
313 silly audit   'own-keys': [ '1.0.1' ],
313 silly audit   'p-limit': [ '3.1.0' ],
313 silly audit   'p-locate': [ '5.0.0' ],
313 silly audit   'parent-module': [ '1.0.1' ],
313 silly audit   'path-exists': [ '4.0.0' ],
313 silly audit   'path-key': [ '3.1.1' ],
313 silly audit   'path-parse': [ '1.0.7' ],
313 silly audit   picocolors: [ '1.1.1' ],
313 silly audit   picomatch: [ '2.3.1', '4.0.3' ],
313 silly audit   'possible-typed-array-names': [ '1.1.0' ],
313 silly audit   'prelude-ls': [ '1.2.1' ],
313 silly audit   'prop-types': [ '15.8.1' ],
313 silly audit   punycode: [ '2.3.1' ],
313 silly audit   'queue-microtask': [ '1.2.3' ],
313 silly audit   react: [ '19.1.0' ],
313 silly audit   'react-dom': [ '19.1.0' ],
313 silly audit   'react-is': [ '16.13.1' ],
313 silly audit   'reflect.getprototypeof': [ '1.0.10' ],
313 silly audit   'regexp.prototype.flags': [ '1.5.4' ],
313 silly audit   'resolve-from': [ '4.0.0' ],
313 silly audit   'resolve-pkg-maps': [ '1.0.0' ],
313 silly audit   reusify: [ '1.1.0' ],
313 silly audit   'run-parallel': [ '1.2.0' ],
313 silly audit   'safe-array-concat': [ '1.1.3' ],
313 silly audit   'safe-push-apply': [ '1.0.0' ],
313 silly audit   'safe-regex-test': [ '1.1.0' ],
313 silly audit   scheduler: [ '0.26.0' ],
313 silly audit   'set-function-length': [ '1.2.2' ],
313 silly audit   'set-function-name': [ '2.0.2' ],
313 silly audit   'set-proto': [ '1.0.0' ],
313 silly audit   sharp: [ '0.34.3' ],
313 silly audit   'shebang-command': [ '2.0.0' ],
313 silly audit   'shebang-regex': [ '3.0.0' ],
313 silly audit   'side-channel': [ '1.1.0' ],
313 silly audit   'side-channel-list': [ '1.0.0' ],
313 silly audit   'side-channel-map': [ '1.0.1' ],
313 silly audit   'side-channel-weakmap': [ '1.0.2' ],
313 silly audit   'simple-swizzle': [ '0.2.2' ],
313 silly audit   'source-map-js': [ '1.2.1' ],
313 silly audit   'stable-hash': [ '0.0.5' ],
313 silly audit   'stop-iteration-iterator': [ '1.1.0' ],
313 silly audit   'string.prototype.includes': [ '2.0.1' ],
313 silly audit   'string.prototype.matchall': [ '4.0.12' ],
313 silly audit   'string.prototype.repeat': [ '1.0.0' ],
313 silly audit   'string.prototype.trim': [ '1.2.10' ],
313 silly audit   'string.prototype.trimend': [ '1.0.9' ],
313 silly audit   'string.prototype.trimstart': [ '1.0.8' ],
313 silly audit   'strip-bom': [ '3.0.0' ],
313 silly audit   'strip-json-comments': [ '3.1.1' ],
313 silly audit   'styled-jsx': [ '5.1.6' ],
313 silly audit   'supports-color': [ '7.2.0' ],
313 silly audit   'supports-preserve-symlinks-flag': [ '1.0.0' ],
313 silly audit   'tailwind-merge': [ '3.3.1' ],
313 silly audit   tailwindcss: [ '4.1.13' ],
313 silly audit   tapable: [ '2.2.3' ],
313 silly audit   tar: [ '7.4.3' ],
313 silly audit   tinyglobby: [ '0.2.15' ],
313 silly audit   fdir: [ '6.5.0' ],
313 silly audit   'to-regex-range': [ '5.0.1' ],
313 silly audit   'ts-api-utils': [ '2.1.0' ],
313 silly audit   'tsconfig-paths': [ '3.15.0' ],
313 silly audit   tslib: [ '2.8.1' ],
313 silly audit   'tw-animate-css': [ '1.3.8' ],
313 silly audit   'type-check': [ '0.4.0' ],
313 silly audit   'typed-array-buffer': [ '1.0.3' ],
313 silly audit   'typed-array-byte-length': [ '1.0.3' ],
313 silly audit   'typed-array-byte-offset': [ '1.0.4' ],
313 silly audit   'typed-array-length': [ '1.0.7' ],
313 silly audit   typescript: [ '5.9.2' ],
313 silly audit   'unbox-primitive': [ '1.1.0' ],
313 silly audit   'undici-types': [ '6.21.0' ],
313 silly audit   'unrs-resolver': [ '1.11.1' ],
313 silly audit   'uri-js': [ '4.4.1' ],
313 silly audit   which: [ '2.0.2' ],
313 silly audit   'which-boxed-primitive': [ '1.1.1' ],
313 silly audit   'which-builtin-type': [ '1.2.1' ],
313 silly audit   'which-collection': [ '1.0.2' ],
313 silly audit   'which-typed-array': [ '1.1.19' ],
313 silly audit   'word-wrap': [ '1.2.5' ],
313 silly audit   yallist: [ '5.0.0' ],
313 silly audit   'yocto-queue': [ '0.1.0' ],
313 silly audit   '@radix-ui/react-checkbox': [ '1.3.3' ],
313 silly audit   '@radix-ui/react-dialog': [ '1.1.15' ],
313 silly audit   '@radix-ui/react-dropdown-menu': [ '2.1.16' ],
313 silly audit   '@radix-ui/react-label': [ '2.1.7' ],
313 silly audit   '@radix-ui/react-select': [ '2.2.6' ],
313 silly audit   '@radix-ui/react-separator': [ '1.1.7' ],
313 silly audit   '@radix-ui/react-switch': [ '1.2.6' ],
313 silly audit   '@radix-ui/react-tabs': [ '1.1.13' ],
313 silly audit   '@radix-ui/react-tooltip': [ '1.2.8' ],
313 silly audit   '@radix-ui/primitive': [ '1.1.3' ],
313 silly audit   '@radix-ui/react-context': [ '1.1.2' ],
313 silly audit   '@radix-ui/react-presence': [ '1.1.5' ],
313 silly audit   '@radix-ui/react-primitive': [ '2.1.3' ],
313 silly audit   '@radix-ui/react-use-controllable-state': [ '1.2.2' ],
313 silly audit   '@radix-ui/react-use-previous': [ '1.1.1' ],
313 silly audit   '@radix-ui/react-use-size': [ '1.1.1' ],
313 silly audit   '@radix-ui/react-dismissable-layer': [ '1.1.11' ],
313 silly audit   '@radix-ui/react-focus-guards': [ '1.1.3' ],
313 silly audit   '@radix-ui/react-focus-scope': [ '1.1.7' ],
313 silly audit   '@radix-ui/react-id': [ '1.1.1' ],
313 silly audit   '@radix-ui/react-portal': [ '1.1.9' ],
313 silly audit   'aria-hidden': [ '1.2.6' ],
313 silly audit   'react-remove-scroll': [ '2.7.1' ],
313 silly audit   '@radix-ui/react-use-callback-ref': [ '1.1.1' ],
313 silly audit   '@radix-ui/react-use-escape-keydown': [ '1.1.1' ],
313 silly audit   '@radix-ui/react-menu': [ '2.1.16' ],
313 silly audit   '@radix-ui/react-use-layout-effect': [ '1.1.1' ],
313 silly audit   '@radix-ui/react-collection': [ '1.1.7' ],
313 silly audit   '@radix-ui/react-direction': [ '1.1.1' ],
313 silly audit   '@radix-ui/react-popper': [ '1.2.8' ],
313 silly audit   '@radix-ui/react-roving-focus': [ '1.1.11' ],
313 silly audit   '@floating-ui/react-dom': [ '2.1.6' ],
313 silly audit   '@radix-ui/react-arrow': [ '1.1.7' ],
313 silly audit   '@radix-ui/react-use-rect': [ '1.1.1' ],
313 silly audit   '@radix-ui/rect': [ '1.1.1' ],
313 silly audit   '@floating-ui/dom': [ '1.7.4' ],
313 silly audit   '@floating-ui/core': [ '1.7.3' ],
313 silly audit   '@floating-ui/utils': [ '0.2.10' ],
313 silly audit   '@radix-ui/number': [ '1.1.1' ],
313 silly audit   '@radix-ui/react-visually-hidden': [ '1.2.3' ],
313 silly audit   '@radix-ui/react-use-effect-event': [ '0.0.2' ],
313 silly audit   'react-remove-scroll-bar': [ '2.3.8' ],
313 silly audit   'react-style-singleton': [ '2.2.3' ],
313 silly audit   'use-callback-ref': [ '1.3.3' ],
313 silly audit   'use-sidecar': [ '1.1.3' ],
313 silly audit   'get-nonce': [ '1.0.1' ],
313 silly audit   'detect-node-es': [ '1.1.0' ],
313 silly audit   '@tailwindcss/oxide-wasm32-wasi': [ '4.1.13' ]
313 silly audit }
314 verbose reify failed optional dependency /Users/momo/Documents/project/subscribe-management-app/node_modules/lightningcss-win32-x64-msvc
315 silly reify mark deleted [
315 silly reify   '/Users/momo/Documents/project/subscribe-management-app/node_modules/lightningcss-win32-x64-msvc'
315 silly reify ]
316 verbose reify failed optional dependency /Users/momo/Documents/project/subscribe-management-app/node_modules/lightningcss-win32-arm64-msvc
317 silly reify mark deleted [
317 silly reify   '/Users/momo/Documents/project/subscribe-management-app/node_modules/lightningcss-win32-arm64-msvc'
317 silly reify ]
318 verbose reify failed optional dependency /Users/momo/Documents/project/subscribe-management-app/node_modules/lightningcss-linux-x64-musl
319 silly reify mark deleted [
319 silly reify   '/Users/momo/Documents/project/subscribe-management-app/node_modules/lightningcss-linux-x64-musl'
319 silly reify ]
320 verbose reify failed optional dependency /Users/momo/Documents/project/subscribe-management-app/node_modules/lightningcss-linux-x64-gnu
321 silly reify mark deleted [
321 silly reify   '/Users/momo/Documents/project/subscribe-management-app/node_modules/lightningcss-linux-x64-gnu'
321 silly reify ]
322 verbose reify failed optional dependency /Users/momo/Documents/project/subscribe-management-app/node_modules/lightningcss-linux-arm64-musl
323 silly reify mark deleted [
323 silly reify   '/Users/momo/Documents/project/subscribe-management-app/node_modules/lightningcss-linux-arm64-musl'
323 silly reify ]
324 verbose reify failed optional dependency /Users/momo/Documents/project/subscribe-management-app/node_modules/lightningcss-linux-arm64-gnu
325 silly reify mark deleted [
325 silly reify   '/Users/momo/Documents/project/subscribe-management-app/node_modules/lightningcss-linux-arm64-gnu'
325 silly reify ]
326 verbose reify failed optional dependency /Users/momo/Documents/project/subscribe-management-app/node_modules/lightningcss-linux-arm-gnueabihf
327 silly reify mark deleted [
327 silly reify   '/Users/momo/Documents/project/subscribe-management-app/node_modules/lightningcss-linux-arm-gnueabihf'
327 silly reify ]
328 verbose reify failed optional dependency /Users/momo/Documents/project/subscribe-management-app/node_modules/lightningcss-freebsd-x64
329 silly reify mark deleted [
329 silly reify   '/Users/momo/Documents/project/subscribe-management-app/node_modules/lightningcss-freebsd-x64'
329 silly reify ]
330 verbose reify failed optional dependency /Users/momo/Documents/project/subscribe-management-app/node_modules/lightningcss-darwin-x64
331 silly reify mark deleted [
331 silly reify   '/Users/momo/Documents/project/subscribe-management-app/node_modules/lightningcss-darwin-x64'
331 silly reify ]
332 verbose reify failed optional dependency /Users/momo/Documents/project/subscribe-management-app/node_modules/@unrs/resolver-binding-win32-x64-msvc
333 silly reify mark deleted [
333 silly reify   '/Users/momo/Documents/project/subscribe-management-app/node_modules/@unrs/resolver-binding-win32-x64-msvc'
333 silly reify ]
334 verbose reify failed optional dependency /Users/momo/Documents/project/subscribe-management-app/node_modules/@unrs/resolver-binding-win32-ia32-msvc
335 silly reify mark deleted [
335 silly reify   '/Users/momo/Documents/project/subscribe-management-app/node_modules/@unrs/resolver-binding-win32-ia32-msvc'
335 silly reify ]
336 verbose reify failed optional dependency /Users/momo/Documents/project/subscribe-management-app/node_modules/@unrs/resolver-binding-win32-arm64-msvc
337 silly reify mark deleted [
337 silly reify   '/Users/momo/Documents/project/subscribe-management-app/node_modules/@unrs/resolver-binding-win32-arm64-msvc'
337 silly reify ]
338 verbose reify failed optional dependency /Users/momo/Documents/project/subscribe-management-app/node_modules/@unrs/resolver-binding-wasm32-wasi
339 silly reify mark deleted [
339 silly reify   '/Users/momo/Documents/project/subscribe-management-app/node_modules/@unrs/resolver-binding-wasm32-wasi'
339 silly reify ]
340 verbose reify failed optional dependency /Users/momo/Documents/project/subscribe-management-app/node_modules/@unrs/resolver-binding-linux-x64-musl
341 silly reify mark deleted [
341 silly reify   '/Users/momo/Documents/project/subscribe-management-app/node_modules/@unrs/resolver-binding-linux-x64-musl'
341 silly reify ]
342 verbose reify failed optional dependency /Users/momo/Documents/project/subscribe-management-app/node_modules/@unrs/resolver-binding-linux-x64-gnu
343 silly reify mark deleted [
343 silly reify   '/Users/momo/Documents/project/subscribe-management-app/node_modules/@unrs/resolver-binding-linux-x64-gnu'
343 silly reify ]
344 verbose reify failed optional dependency /Users/momo/Documents/project/subscribe-management-app/node_modules/@unrs/resolver-binding-linux-s390x-gnu
345 silly reify mark deleted [
345 silly reify   '/Users/momo/Documents/project/subscribe-management-app/node_modules/@unrs/resolver-binding-linux-s390x-gnu'
345 silly reify ]
346 verbose reify failed optional dependency /Users/momo/Documents/project/subscribe-management-app/node_modules/@unrs/resolver-binding-linux-riscv64-musl
347 silly reify mark deleted [
347 silly reify   '/Users/momo/Documents/project/subscribe-management-app/node_modules/@unrs/resolver-binding-linux-riscv64-musl'
347 silly reify ]
348 verbose reify failed optional dependency /Users/momo/Documents/project/subscribe-management-app/node_modules/@unrs/resolver-binding-linux-riscv64-gnu
349 silly reify mark deleted [
349 silly reify   '/Users/momo/Documents/project/subscribe-management-app/node_modules/@unrs/resolver-binding-linux-riscv64-gnu'
349 silly reify ]
350 verbose reify failed optional dependency /Users/momo/Documents/project/subscribe-management-app/node_modules/@unrs/resolver-binding-linux-ppc64-gnu
351 silly reify mark deleted [
351 silly reify   '/Users/momo/Documents/project/subscribe-management-app/node_modules/@unrs/resolver-binding-linux-ppc64-gnu'
351 silly reify ]
352 verbose reify failed optional dependency /Users/momo/Documents/project/subscribe-management-app/node_modules/@unrs/resolver-binding-linux-arm64-musl
353 silly reify mark deleted [
353 silly reify   '/Users/momo/Documents/project/subscribe-management-app/node_modules/@unrs/resolver-binding-linux-arm64-musl'
353 silly reify ]
354 verbose reify failed optional dependency /Users/momo/Documents/project/subscribe-management-app/node_modules/@unrs/resolver-binding-linux-arm64-gnu
355 silly reify mark deleted [
355 silly reify   '/Users/momo/Documents/project/subscribe-management-app/node_modules/@unrs/resolver-binding-linux-arm64-gnu'
355 silly reify ]
356 verbose reify failed optional dependency /Users/momo/Documents/project/subscribe-management-app/node_modules/@unrs/resolver-binding-linux-arm-musleabihf
357 silly reify mark deleted [
357 silly reify   '/Users/momo/Documents/project/subscribe-management-app/node_modules/@unrs/resolver-binding-linux-arm-musleabihf'
357 silly reify ]
358 verbose reify failed optional dependency /Users/momo/Documents/project/subscribe-management-app/node_modules/@unrs/resolver-binding-linux-arm-gnueabihf
359 silly reify mark deleted [
359 silly reify   '/Users/momo/Documents/project/subscribe-management-app/node_modules/@unrs/resolver-binding-linux-arm-gnueabihf'
359 silly reify ]
360 verbose reify failed optional dependency /Users/momo/Documents/project/subscribe-management-app/node_modules/@unrs/resolver-binding-freebsd-x64
361 silly reify mark deleted [
361 silly reify   '/Users/momo/Documents/project/subscribe-management-app/node_modules/@unrs/resolver-binding-freebsd-x64'
361 silly reify ]
362 verbose reify failed optional dependency /Users/momo/Documents/project/subscribe-management-app/node_modules/@unrs/resolver-binding-darwin-x64
363 silly reify mark deleted [
363 silly reify   '/Users/momo/Documents/project/subscribe-management-app/node_modules/@unrs/resolver-binding-darwin-x64'
363 silly reify ]
364 verbose reify failed optional dependency /Users/momo/Documents/project/subscribe-management-app/node_modules/@unrs/resolver-binding-android-arm64
365 silly reify mark deleted [
365 silly reify   '/Users/momo/Documents/project/subscribe-management-app/node_modules/@unrs/resolver-binding-android-arm64'
365 silly reify ]
366 verbose reify failed optional dependency /Users/momo/Documents/project/subscribe-management-app/node_modules/@unrs/resolver-binding-android-arm-eabi
367 silly reify mark deleted [
367 silly reify   '/Users/momo/Documents/project/subscribe-management-app/node_modules/@unrs/resolver-binding-android-arm-eabi'
367 silly reify ]
368 verbose reify failed optional dependency /Users/momo/Documents/project/subscribe-management-app/node_modules/@tailwindcss/oxide-win32-x64-msvc
369 silly reify mark deleted [
369 silly reify   '/Users/momo/Documents/project/subscribe-management-app/node_modules/@tailwindcss/oxide-win32-x64-msvc'
369 silly reify ]
370 verbose reify failed optional dependency /Users/momo/Documents/project/subscribe-management-app/node_modules/@tailwindcss/oxide-win32-arm64-msvc
371 silly reify mark deleted [
371 silly reify   '/Users/momo/Documents/project/subscribe-management-app/node_modules/@tailwindcss/oxide-win32-arm64-msvc'
371 silly reify ]
372 verbose reify failed optional dependency /Users/momo/Documents/project/subscribe-management-app/node_modules/@tailwindcss/oxide-linux-x64-musl
373 silly reify mark deleted [
373 silly reify   '/Users/momo/Documents/project/subscribe-management-app/node_modules/@tailwindcss/oxide-linux-x64-musl'
373 silly reify ]
374 verbose reify failed optional dependency /Users/momo/Documents/project/subscribe-management-app/node_modules/@tailwindcss/oxide-linux-x64-gnu
375 silly reify mark deleted [
375 silly reify   '/Users/momo/Documents/project/subscribe-management-app/node_modules/@tailwindcss/oxide-linux-x64-gnu'
375 silly reify ]
376 verbose reify failed optional dependency /Users/momo/Documents/project/subscribe-management-app/node_modules/@tailwindcss/oxide-linux-arm64-musl
377 silly reify mark deleted [
377 silly reify   '/Users/momo/Documents/project/subscribe-management-app/node_modules/@tailwindcss/oxide-linux-arm64-musl'
377 silly reify ]
378 verbose reify failed optional dependency /Users/momo/Documents/project/subscribe-management-app/node_modules/@tailwindcss/oxide-linux-arm64-gnu
379 silly reify mark deleted [
379 silly reify   '/Users/momo/Documents/project/subscribe-management-app/node_modules/@tailwindcss/oxide-linux-arm64-gnu'
379 silly reify ]
380 verbose reify failed optional dependency /Users/momo/Documents/project/subscribe-management-app/node_modules/@tailwindcss/oxide-linux-arm-gnueabihf
381 silly reify mark deleted [
381 silly reify   '/Users/momo/Documents/project/subscribe-management-app/node_modules/@tailwindcss/oxide-linux-arm-gnueabihf'
381 silly reify ]
382 verbose reify failed optional dependency /Users/momo/Documents/project/subscribe-management-app/node_modules/@tailwindcss/oxide-freebsd-x64
383 silly reify mark deleted [
383 silly reify   '/Users/momo/Documents/project/subscribe-management-app/node_modules/@tailwindcss/oxide-freebsd-x64'
383 silly reify ]
384 verbose reify failed optional dependency /Users/momo/Documents/project/subscribe-management-app/node_modules/@tailwindcss/oxide-darwin-x64
385 silly reify mark deleted [
385 silly reify   '/Users/momo/Documents/project/subscribe-management-app/node_modules/@tailwindcss/oxide-darwin-x64'
385 silly reify ]
386 verbose reify failed optional dependency /Users/momo/Documents/project/subscribe-management-app/node_modules/@tailwindcss/oxide-android-arm64
387 silly reify mark deleted [
387 silly reify   '/Users/momo/Documents/project/subscribe-management-app/node_modules/@tailwindcss/oxide-android-arm64'
387 silly reify ]
388 verbose reify failed optional dependency /Users/momo/Documents/project/subscribe-management-app/node_modules/@next/swc-win32-x64-msvc
389 silly reify mark deleted [
389 silly reify   '/Users/momo/Documents/project/subscribe-management-app/node_modules/@next/swc-win32-x64-msvc'
389 silly reify ]
390 verbose reify failed optional dependency /Users/momo/Documents/project/subscribe-management-app/node_modules/@next/swc-win32-arm64-msvc
391 silly reify mark deleted [
391 silly reify   '/Users/momo/Documents/project/subscribe-management-app/node_modules/@next/swc-win32-arm64-msvc'
391 silly reify ]
392 verbose reify failed optional dependency /Users/momo/Documents/project/subscribe-management-app/node_modules/@next/swc-linux-x64-musl
393 silly reify mark deleted [
393 silly reify   '/Users/momo/Documents/project/subscribe-management-app/node_modules/@next/swc-linux-x64-musl'
393 silly reify ]
394 verbose reify failed optional dependency /Users/momo/Documents/project/subscribe-management-app/node_modules/@next/swc-linux-x64-gnu
395 silly reify mark deleted [
395 silly reify   '/Users/momo/Documents/project/subscribe-management-app/node_modules/@next/swc-linux-x64-gnu'
395 silly reify ]
396 verbose reify failed optional dependency /Users/momo/Documents/project/subscribe-management-app/node_modules/@next/swc-linux-arm64-musl
397 silly reify mark deleted [
397 silly reify   '/Users/momo/Documents/project/subscribe-management-app/node_modules/@next/swc-linux-arm64-musl'
397 silly reify ]
398 verbose reify failed optional dependency /Users/momo/Documents/project/subscribe-management-app/node_modules/@next/swc-linux-arm64-gnu
399 silly reify mark deleted [
399 silly reify   '/Users/momo/Documents/project/subscribe-management-app/node_modules/@next/swc-linux-arm64-gnu'
399 silly reify ]
400 verbose reify failed optional dependency /Users/momo/Documents/project/subscribe-management-app/node_modules/@next/swc-darwin-x64
401 silly reify mark deleted [
401 silly reify   '/Users/momo/Documents/project/subscribe-management-app/node_modules/@next/swc-darwin-x64'
401 silly reify ]
402 verbose reify failed optional dependency /Users/momo/Documents/project/subscribe-management-app/node_modules/@img/sharp-win32-x64
403 silly reify mark deleted [
403 silly reify   '/Users/momo/Documents/project/subscribe-management-app/node_modules/@img/sharp-win32-x64'
403 silly reify ]
404 verbose reify failed optional dependency /Users/momo/Documents/project/subscribe-management-app/node_modules/@img/sharp-win32-ia32
405 silly reify mark deleted [
405 silly reify   '/Users/momo/Documents/project/subscribe-management-app/node_modules/@img/sharp-win32-ia32'
405 silly reify ]
406 verbose reify failed optional dependency /Users/momo/Documents/project/subscribe-management-app/node_modules/@img/sharp-win32-arm64
407 silly reify mark deleted [
407 silly reify   '/Users/momo/Documents/project/subscribe-management-app/node_modules/@img/sharp-win32-arm64'
407 silly reify ]
408 verbose reify failed optional dependency /Users/momo/Documents/project/subscribe-management-app/node_modules/@img/sharp-wasm32
409 silly reify mark deleted [
409 silly reify   '/Users/momo/Documents/project/subscribe-management-app/node_modules/@img/sharp-wasm32'
409 silly reify ]
410 verbose reify failed optional dependency /Users/momo/Documents/project/subscribe-management-app/node_modules/@img/sharp-linuxmusl-x64
411 silly reify mark deleted [
411 silly reify   '/Users/momo/Documents/project/subscribe-management-app/node_modules/@img/sharp-linuxmusl-x64'
411 silly reify ]
412 verbose reify failed optional dependency /Users/momo/Documents/project/subscribe-management-app/node_modules/@img/sharp-linuxmusl-arm64
413 silly reify mark deleted [
413 silly reify   '/Users/momo/Documents/project/subscribe-management-app/node_modules/@img/sharp-linuxmusl-arm64'
413 silly reify ]
414 verbose reify failed optional dependency /Users/momo/Documents/project/subscribe-management-app/node_modules/@img/sharp-linux-x64
415 silly reify mark deleted [
415 silly reify   '/Users/momo/Documents/project/subscribe-management-app/node_modules/@img/sharp-linux-x64'
415 silly reify ]
416 verbose reify failed optional dependency /Users/momo/Documents/project/subscribe-management-app/node_modules/@img/sharp-linux-s390x
417 silly reify mark deleted [
417 silly reify   '/Users/momo/Documents/project/subscribe-management-app/node_modules/@img/sharp-linux-s390x'
417 silly reify ]
418 verbose reify failed optional dependency /Users/momo/Documents/project/subscribe-management-app/node_modules/@img/sharp-linux-ppc64
419 silly reify mark deleted [
419 silly reify   '/Users/momo/Documents/project/subscribe-management-app/node_modules/@img/sharp-linux-ppc64'
419 silly reify ]
420 verbose reify failed optional dependency /Users/momo/Documents/project/subscribe-management-app/node_modules/@img/sharp-linux-arm64
421 silly reify mark deleted [
421 silly reify   '/Users/momo/Documents/project/subscribe-management-app/node_modules/@img/sharp-linux-arm64'
421 silly reify ]
422 verbose reify failed optional dependency /Users/momo/Documents/project/subscribe-management-app/node_modules/@img/sharp-linux-arm
423 silly reify mark deleted [
423 silly reify   '/Users/momo/Documents/project/subscribe-management-app/node_modules/@img/sharp-linux-arm'
423 silly reify ]
424 verbose reify failed optional dependency /Users/momo/Documents/project/subscribe-management-app/node_modules/@img/sharp-libvips-linuxmusl-x64
425 silly reify mark deleted [
425 silly reify   '/Users/momo/Documents/project/subscribe-management-app/node_modules/@img/sharp-libvips-linuxmusl-x64'
425 silly reify ]
426 verbose reify failed optional dependency /Users/momo/Documents/project/subscribe-management-app/node_modules/@img/sharp-libvips-linuxmusl-arm64
427 silly reify mark deleted [
427 silly reify   '/Users/momo/Documents/project/subscribe-management-app/node_modules/@img/sharp-libvips-linuxmusl-arm64'
427 silly reify ]
428 verbose reify failed optional dependency /Users/momo/Documents/project/subscribe-management-app/node_modules/@img/sharp-libvips-linux-x64
429 silly reify mark deleted [
429 silly reify   '/Users/momo/Documents/project/subscribe-management-app/node_modules/@img/sharp-libvips-linux-x64'
429 silly reify ]
430 verbose reify failed optional dependency /Users/momo/Documents/project/subscribe-management-app/node_modules/@img/sharp-libvips-linux-s390x
431 silly reify mark deleted [
431 silly reify   '/Users/momo/Documents/project/subscribe-management-app/node_modules/@img/sharp-libvips-linux-s390x'
431 silly reify ]
432 verbose reify failed optional dependency /Users/momo/Documents/project/subscribe-management-app/node_modules/@img/sharp-libvips-linux-ppc64
433 silly reify mark deleted [
433 silly reify   '/Users/momo/Documents/project/subscribe-management-app/node_modules/@img/sharp-libvips-linux-ppc64'
433 silly reify ]
434 verbose reify failed optional dependency /Users/momo/Documents/project/subscribe-management-app/node_modules/@img/sharp-libvips-linux-arm64
435 silly reify mark deleted [
435 silly reify   '/Users/momo/Documents/project/subscribe-management-app/node_modules/@img/sharp-libvips-linux-arm64'
435 silly reify ]
436 verbose reify failed optional dependency /Users/momo/Documents/project/subscribe-management-app/node_modules/@img/sharp-libvips-linux-arm
437 silly reify mark deleted [
437 silly reify   '/Users/momo/Documents/project/subscribe-management-app/node_modules/@img/sharp-libvips-linux-arm'
437 silly reify ]
438 verbose reify failed optional dependency /Users/momo/Documents/project/subscribe-management-app/node_modules/@img/sharp-libvips-darwin-x64
439 silly reify mark deleted [
439 silly reify   '/Users/momo/Documents/project/subscribe-management-app/node_modules/@img/sharp-libvips-darwin-x64'
439 silly reify ]
440 verbose reify failed optional dependency /Users/momo/Documents/project/subscribe-management-app/node_modules/@img/sharp-darwin-x64
441 silly reify mark deleted [
441 silly reify   '/Users/momo/Documents/project/subscribe-management-app/node_modules/@img/sharp-darwin-x64'
441 silly reify ]
442 silly tarball no local data for use-callback-ref@https://registry.npmjs.org/use-callback-ref/-/use-callback-ref-1.3.3.tgz. Extracting by manifest.
443 silly tarball no local data for react-style-singleton@https://registry.npmjs.org/react-style-singleton/-/react-style-singleton-2.2.3.tgz. Extracting by manifest.
444 silly tarball no local data for detect-node-es@https://registry.npmjs.org/detect-node-es/-/detect-node-es-1.1.0.tgz. Extracting by manifest.
445 silly tarball no local data for get-nonce@https://registry.npmjs.org/get-nonce/-/get-nonce-1.0.1.tgz. Extracting by manifest.
446 silly tarball no local data for react-remove-scroll-bar@https://registry.npmjs.org/react-remove-scroll-bar/-/react-remove-scroll-bar-2.3.8.tgz. Extracting by manifest.
447 silly tarball no local data for @radix-ui/react-visually-hidden@https://registry.npmjs.org/@radix-ui/react-visually-hidden/-/react-visually-hidden-1.2.3.tgz. Extracting by manifest.
448 silly tarball no local data for @radix-ui/number@https://registry.npmjs.org/@radix-ui/number/-/number-1.1.1.tgz. Extracting by manifest.
449 silly tarball no local data for @radix-ui/react-use-effect-event@https://registry.npmjs.org/@radix-ui/react-use-effect-event/-/react-use-effect-event-0.0.2.tgz. Extracting by manifest.
450 silly tarball no local data for use-sidecar@https://registry.npmjs.org/use-sidecar/-/use-sidecar-1.1.3.tgz. Extracting by manifest.
451 silly tarball no local data for @floating-ui/utils@https://registry.npmjs.org/@floating-ui/utils/-/utils-0.2.10.tgz. Extracting by manifest.
452 silly tarball no local data for @radix-ui/rect@https://registry.npmjs.org/@radix-ui/rect/-/rect-1.1.1.tgz. Extracting by manifest.
453 silly tarball no local data for @floating-ui/core@https://registry.npmjs.org/@floating-ui/core/-/core-1.7.3.tgz. Extracting by manifest.
454 silly tarball no local data for @radix-ui/react-use-rect@https://registry.npmjs.org/@radix-ui/react-use-rect/-/react-use-rect-1.1.1.tgz. Extracting by manifest.
455 silly tarball no local data for @radix-ui/react-roving-focus@https://registry.npmjs.org/@radix-ui/react-roving-focus/-/react-roving-focus-1.1.11.tgz. Extracting by manifest.
456 silly tarball no local data for @floating-ui/react-dom@https://registry.npmjs.org/@floating-ui/react-dom/-/react-dom-2.1.6.tgz. Extracting by manifest.
457 silly tarball no local data for @radix-ui/react-arrow@https://registry.npmjs.org/@radix-ui/react-arrow/-/react-arrow-1.1.7.tgz. Extracting by manifest.
458 silly tarball no local data for @radix-ui/react-popper@https://registry.npmjs.org/@radix-ui/react-popper/-/react-popper-1.2.8.tgz. Extracting by manifest.
459 silly tarball no local data for @floating-ui/dom@https://registry.npmjs.org/@floating-ui/dom/-/dom-1.7.4.tgz. Extracting by manifest.
460 silly tarball no local data for @radix-ui/react-direction@https://registry.npmjs.org/@radix-ui/react-direction/-/react-direction-1.1.1.tgz. Extracting by manifest.
461 silly tarball no local data for @radix-ui/react-collection@https://registry.npmjs.org/@radix-ui/react-collection/-/react-collection-1.1.7.tgz. Extracting by manifest.
462 silly tarball no local data for @radix-ui/react-menu@https://registry.npmjs.org/@radix-ui/react-menu/-/react-menu-2.1.16.tgz. Extracting by manifest.
463 silly tarball no local data for @radix-ui/react-use-escape-keydown@https://registry.npmjs.org/@radix-ui/react-use-escape-keydown/-/react-use-escape-keydown-1.1.1.tgz. Extracting by manifest.
464 silly tarball no local data for @radix-ui/react-use-callback-ref@https://registry.npmjs.org/@radix-ui/react-use-callback-ref/-/react-use-callback-ref-1.1.1.tgz. Extracting by manifest.
465 silly tarball no local data for react-remove-scroll@https://registry.npmjs.org/react-remove-scroll/-/react-remove-scroll-2.7.1.tgz. Extracting by manifest.
466 silly tarball no local data for @radix-ui/react-portal@https://registry.npmjs.org/@radix-ui/react-portal/-/react-portal-1.1.9.tgz. Extracting by manifest.
467 silly tarball no local data for @radix-ui/react-focus-guards@https://registry.npmjs.org/@radix-ui/react-focus-guards/-/react-focus-guards-1.1.3.tgz. Extracting by manifest.
468 silly tarball no local data for @radix-ui/react-focus-scope@https://registry.npmjs.org/@radix-ui/react-focus-scope/-/react-focus-scope-1.1.7.tgz. Extracting by manifest.
469 silly tarball no local data for @radix-ui/react-id@https://registry.npmjs.org/@radix-ui/react-id/-/react-id-1.1.1.tgz. Extracting by manifest.
470 silly tarball no local data for @radix-ui/react-dismissable-layer@https://registry.npmjs.org/@radix-ui/react-dismissable-layer/-/react-dismissable-layer-1.1.11.tgz. Extracting by manifest.
471 silly tarball no local data for aria-hidden@https://registry.npmjs.org/aria-hidden/-/aria-hidden-1.2.6.tgz. Extracting by manifest.
472 silly tarball no local data for @radix-ui/react-use-size@https://registry.npmjs.org/@radix-ui/react-use-size/-/react-use-size-1.1.1.tgz. Extracting by manifest.
473 silly tarball no local data for @radix-ui/react-use-controllable-state@https://registry.npmjs.org/@radix-ui/react-use-controllable-state/-/react-use-controllable-state-1.2.2.tgz. Extracting by manifest.
474 silly tarball no local data for @radix-ui/react-primitive@https://registry.npmjs.org/@radix-ui/react-primitive/-/react-primitive-2.1.3.tgz. Extracting by manifest.
475 silly tarball no local data for @radix-ui/react-presence@https://registry.npmjs.org/@radix-ui/react-presence/-/react-presence-1.1.5.tgz. Extracting by manifest.
476 silly tarball no local data for @radix-ui/react-use-previous@https://registry.npmjs.org/@radix-ui/react-use-previous/-/react-use-previous-1.1.1.tgz. Extracting by manifest.
477 silly tarball no local data for @radix-ui/primitive@https://registry.npmjs.org/@radix-ui/primitive/-/primitive-1.1.3.tgz. Extracting by manifest.
478 silly tarball no local data for @radix-ui/react-tooltip@https://registry.npmjs.org/@radix-ui/react-tooltip/-/react-tooltip-1.2.8.tgz. Extracting by manifest.
479 silly tarball no local data for @radix-ui/react-context@https://registry.npmjs.org/@radix-ui/react-context/-/react-context-1.1.2.tgz. Extracting by manifest.
480 silly tarball no local data for @radix-ui/react-tabs@https://registry.npmjs.org/@radix-ui/react-tabs/-/react-tabs-1.1.13.tgz. Extracting by manifest.
481 silly tarball no local data for @radix-ui/react-select@https://registry.npmjs.org/@radix-ui/react-select/-/react-select-2.2.6.tgz. Extracting by manifest.
482 silly tarball no local data for @radix-ui/react-dialog@https://registry.npmjs.org/@radix-ui/react-dialog/-/react-dialog-1.1.15.tgz. Extracting by manifest.
483 silly tarball no local data for @radix-ui/react-switch@https://registry.npmjs.org/@radix-ui/react-switch/-/react-switch-1.2.6.tgz. Extracting by manifest.
484 silly tarball no local data for @radix-ui/react-separator@https://registry.npmjs.org/@radix-ui/react-separator/-/react-separator-1.1.7.tgz. Extracting by manifest.
485 silly tarball no local data for @radix-ui/react-checkbox@https://registry.npmjs.org/@radix-ui/react-checkbox/-/react-checkbox-1.3.3.tgz. Extracting by manifest.
486 silly tarball no local data for @radix-ui/react-label@https://registry.npmjs.org/@radix-ui/react-label/-/react-label-2.1.7.tgz. Extracting by manifest.
487 silly tarball no local data for @radix-ui/react-use-layout-effect@https://registry.npmjs.org/@radix-ui/react-use-layout-effect/-/react-use-layout-effect-1.1.1.tgz. Extracting by manifest.
488 silly tarball no local data for @radix-ui/react-dropdown-menu@https://registry.npmjs.org/@radix-ui/react-dropdown-menu/-/react-dropdown-menu-2.1.16.tgz. Extracting by manifest.
489 http fetch GET 200 https://registry.npmjs.org/react-style-singleton/-/react-style-singleton-2.2.3.tgz 326ms (cache miss)
490 http fetch GET 200 https://registry.npmjs.org/use-callback-ref/-/use-callback-ref-1.3.3.tgz 326ms (cache miss)
491 http fetch GET 200 https://registry.npmjs.org/@radix-ui/react-visually-hidden/-/react-visually-hidden-1.2.3.tgz 354ms (cache miss)
492 http fetch POST 200 https://registry.npmjs.org/-/npm/v1/security/advisories/bulk 910ms
493 silly audit report {}
494 http fetch GET 200 https://registry.npmjs.org/react-remove-scroll-bar/-/react-remove-scroll-bar-2.3.8.tgz 914ms (cache miss)
495 http fetch GET 200 https://registry.npmjs.org/@floating-ui/react-dom/-/react-dom-2.1.6.tgz 914ms (cache miss)
496 http fetch GET 200 https://registry.npmjs.org/@radix-ui/react-arrow/-/react-arrow-1.1.7.tgz 914ms (cache miss)
497 http fetch GET 200 https://registry.npmjs.org/@floating-ui/dom/-/dom-1.7.4.tgz 915ms (cache miss)
498 http fetch GET 200 https://registry.npmjs.org/get-nonce/-/get-nonce-1.0.1.tgz 991ms (cache miss)
499 http fetch GET 200 https://registry.npmjs.org/@radix-ui/react-direction/-/react-direction-1.1.1.tgz 1258ms (cache miss)
500 http fetch GET 200 https://registry.npmjs.org/@radix-ui/react-use-escape-keydown/-/react-use-escape-keydown-1.1.1.tgz 1258ms (cache miss)
501 http fetch GET 200 https://registry.npmjs.org/@radix-ui/react-roving-focus/-/react-roving-focus-1.1.11.tgz 1261ms (cache miss)
502 http fetch GET 200 https://registry.npmjs.org/@floating-ui/core/-/core-1.7.3.tgz 1263ms (cache miss)
503 http fetch GET 200 https://registry.npmjs.org/@radix-ui/react-popper/-/react-popper-1.2.8.tgz 1432ms (cache miss)
504 http fetch GET 200 https://registry.npmjs.org/detect-node-es/-/detect-node-es-1.1.0.tgz 1498ms (cache miss)
505 http fetch GET 200 https://registry.npmjs.org/react-remove-scroll/-/react-remove-scroll-2.7.1.tgz 1502ms (cache miss)
506 http fetch GET 200 https://registry.npmjs.org/@radix-ui/react-collection/-/react-collection-1.1.7.tgz 1513ms (cache miss)
507 http fetch GET 200 https://registry.npmjs.org/@radix-ui/react-focus-guards/-/react-focus-guards-1.1.3.tgz 1536ms (cache miss)
508 http fetch GET 200 https://registry.npmjs.org/@radix-ui/react-portal/-/react-portal-1.1.9.tgz 1545ms (cache miss)
509 http fetch GET 200 https://registry.npmjs.org/@radix-ui/react-focus-scope/-/react-focus-scope-1.1.7.tgz 1560ms (cache miss)
510 http fetch GET 200 https://registry.npmjs.org/@radix-ui/react-use-rect/-/react-use-rect-1.1.1.tgz 1603ms (cache miss)
511 http fetch GET 200 https://registry.npmjs.org/@radix-ui/react-id/-/react-id-1.1.1.tgz 1731ms (cache miss)
512 http fetch GET 200 https://registry.npmjs.org/aria-hidden/-/aria-hidden-1.2.6.tgz 1734ms (cache miss)
513 http fetch GET 200 https://registry.npmjs.org/@radix-ui/react-use-size/-/react-use-size-1.1.1.tgz 2146ms (cache miss)
514 http fetch GET 200 https://registry.npmjs.org/@radix-ui/react-presence/-/react-presence-1.1.5.tgz 2146ms (cache miss)
515 http fetch GET 200 https://registry.npmjs.org/@radix-ui/primitive/-/primitive-1.1.3.tgz 2145ms (cache miss)
516 http fetch GET 200 https://registry.npmjs.org/@radix-ui/rect/-/rect-1.1.1.tgz 2148ms (cache miss)
517 http fetch GET 200 https://registry.npmjs.org/@radix-ui/react-use-controllable-state/-/react-use-controllable-state-1.2.2.tgz 2147ms (cache miss)
518 http fetch GET 200 https://registry.npmjs.org/@radix-ui/react-use-previous/-/react-use-previous-1.1.1.tgz 2146ms (cache miss)
519 http fetch GET 200 https://registry.npmjs.org/@radix-ui/react-use-effect-event/-/react-use-effect-event-0.0.2.tgz 2149ms (cache miss)
520 http fetch GET 200 https://registry.npmjs.org/@radix-ui/react-menu/-/react-menu-2.1.16.tgz 2149ms (cache miss)
521 http fetch GET 200 https://registry.npmjs.org/@radix-ui/react-tooltip/-/react-tooltip-1.2.8.tgz 2147ms (cache miss)
522 http fetch GET 200 https://registry.npmjs.org/@floating-ui/utils/-/utils-0.2.10.tgz 2196ms (cache miss)
523 http fetch GET 200 https://registry.npmjs.org/@radix-ui/react-dismissable-layer/-/react-dismissable-layer-1.1.11.tgz 2257ms (cache miss)
524 http fetch GET 200 https://registry.npmjs.org/@radix-ui/number/-/number-1.1.1.tgz 2268ms (cache miss)
525 http fetch GET 200 https://registry.npmjs.org/@radix-ui/react-tabs/-/react-tabs-1.1.13.tgz 2385ms (cache miss)
526 http fetch GET 200 https://registry.npmjs.org/@radix-ui/react-separator/-/react-separator-1.1.7.tgz 2404ms (cache miss)
527 http fetch GET 200 https://registry.npmjs.org/@radix-ui/react-dialog/-/react-dialog-1.1.15.tgz 2567ms (cache miss)
528 http fetch GET 200 https://registry.npmjs.org/@radix-ui/react-checkbox/-/react-checkbox-1.3.3.tgz 2566ms (cache miss)
529 http fetch GET 200 https://registry.npmjs.org/@radix-ui/react-use-callback-ref/-/react-use-callback-ref-1.1.1.tgz 2568ms (cache miss)
530 http fetch GET 200 https://registry.npmjs.org/@radix-ui/react-label/-/react-label-2.1.7.tgz 2565ms (cache miss)
531 http fetch GET 200 https://registry.npmjs.org/use-sidecar/-/use-sidecar-1.1.3.tgz 2577ms (cache miss)
532 http fetch GET 200 https://registry.npmjs.org/@radix-ui/react-dropdown-menu/-/react-dropdown-menu-2.1.16.tgz 2568ms (cache miss)
533 http fetch GET 200 https://registry.npmjs.org/@radix-ui/react-context/-/react-context-1.1.2.tgz 2659ms (cache miss)
534 http fetch GET 200 https://registry.npmjs.org/@radix-ui/react-switch/-/react-switch-1.2.6.tgz 2746ms (cache miss)
535 http fetch GET 200 https://registry.npmjs.org/@radix-ui/react-primitive/-/react-primitive-2.1.3.tgz 2753ms (cache miss)
536 http fetch GET 200 https://registry.npmjs.org/@radix-ui/react-select/-/react-select-2.2.6.tgz 3169ms (cache miss)
537 http fetch GET 200 https://registry.npmjs.org/@radix-ui/react-use-layout-effect/-/react-use-layout-effect-1.1.1.tgz 4640ms (cache miss)
538 silly ADD node_modules/detect-node-es
539 silly ADD node_modules/get-nonce
540 silly ADD node_modules/use-sidecar
541 silly ADD node_modules/use-callback-ref
542 silly ADD node_modules/react-style-singleton
543 silly ADD node_modules/react-remove-scroll-bar
544 silly ADD node_modules/@radix-ui/react-use-effect-event
545 silly ADD node_modules/@radix-ui/react-visually-hidden
546 silly ADD node_modules/@radix-ui/number
547 silly ADD node_modules/@floating-ui/utils
548 silly ADD node_modules/@floating-ui/core
549 silly ADD node_modules/@floating-ui/dom
550 silly ADD node_modules/@radix-ui/rect
551 silly ADD node_modules/@radix-ui/react-use-rect
552 silly ADD node_modules/@radix-ui/react-arrow
553 silly ADD node_modules/@floating-ui/react-dom
554 silly ADD node_modules/@radix-ui/react-roving-focus
555 silly ADD node_modules/@radix-ui/react-popper
556 silly ADD node_modules/@radix-ui/react-direction
557 silly ADD node_modules/@radix-ui/react-collection
558 silly ADD node_modules/@radix-ui/react-use-layout-effect
559 silly ADD node_modules/@radix-ui/react-menu
560 silly ADD node_modules/@radix-ui/react-use-escape-keydown
561 silly ADD node_modules/@radix-ui/react-use-callback-ref
562 silly ADD node_modules/react-remove-scroll
563 silly ADD node_modules/aria-hidden
564 silly ADD node_modules/@radix-ui/react-portal
565 silly ADD node_modules/@radix-ui/react-id
566 silly ADD node_modules/@radix-ui/react-focus-scope
567 silly ADD node_modules/@radix-ui/react-focus-guards
568 silly ADD node_modules/@radix-ui/react-dismissable-layer
569 silly ADD node_modules/@radix-ui/react-use-size
570 silly ADD node_modules/@radix-ui/react-use-previous
571 silly ADD node_modules/@radix-ui/react-use-controllable-state
572 silly ADD node_modules/@radix-ui/react-primitive
573 silly ADD node_modules/@radix-ui/react-presence
574 silly ADD node_modules/@radix-ui/react-context
575 silly ADD node_modules/@radix-ui/primitive
576 silly ADD node_modules/@radix-ui/react-tooltip
577 silly ADD node_modules/@radix-ui/react-tabs
578 silly ADD node_modules/@radix-ui/react-switch
579 silly ADD node_modules/@radix-ui/react-separator
580 silly ADD node_modules/@radix-ui/react-select
581 silly ADD node_modules/@radix-ui/react-label
582 silly ADD node_modules/@radix-ui/react-dropdown-menu
583 silly ADD node_modules/@radix-ui/react-dialog
584 silly ADD node_modules/@radix-ui/react-checkbox
585 silly ADD
586 silly ADD
587 silly ADD
588 silly ADD
589 silly ADD
590 silly ADD
591 silly ADD
592 silly ADD
593 silly ADD
594 silly ADD
595 silly ADD
596 silly ADD
597 silly ADD
598 silly ADD
599 silly ADD
600 silly ADD
601 silly ADD
602 silly ADD
603 silly ADD
604 silly ADD
605 silly ADD
606 silly ADD
607 silly ADD
608 silly ADD
609 silly ADD
610 silly ADD
611 silly ADD
612 silly ADD
613 silly ADD
614 silly ADD
615 silly ADD
616 silly ADD
617 silly ADD
618 silly ADD
619 silly ADD
620 silly ADD
621 silly ADD
622 silly ADD
623 silly ADD
624 silly ADD
625 silly ADD
626 silly ADD
627 silly ADD
628 silly ADD
629 silly ADD
630 silly ADD
631 silly ADD
632 silly ADD
633 silly ADD
634 silly ADD
635 silly ADD
636 silly ADD
637 silly ADD
638 silly ADD
639 silly ADD
640 silly ADD
641 silly ADD
642 silly ADD
643 silly ADD
644 silly ADD
645 silly ADD
646 silly ADD
647 silly ADD
648 silly ADD
649 silly ADD
650 verbose cwd /Users/momo/Documents/project/subscribe-management-app
651 verbose os Darwin 25.0.0
652 verbose node v22.12.0
653 verbose npm  v10.9.0
654 verbose exit 0
655 info ok
