0 verbose cli /usr/local/bin/node /usr/local/lib/node_modules/npm/bin/npm-cli.js
1 info using npm@10.9.0
2 info using node@v22.12.0
3 silly config load:file:/usr/local/lib/node_modules/npm/npmrc
4 silly config load:file:/Users/momo/Documents/project/subscribe-management-app/.npmrc
5 silly config load:file:/Users/momo/.npmrc
6 silly config load:file:/usr/local/etc/npmrc
7 verbose title npm exec shadcn@latest add dialog dropdown-menu select textarea checkbox switch label separator tabs tooltip
8 verbose argv "exec" "--yes" "--" "shadcn@latest" "add" "dialog" "dropdown-menu" "select" "textarea" "checkbox" "switch" "label" "separator" "tabs" "tooltip"
9 verbose logfile logs-max:10 dir:/Users/momo/Documents/project/subscribe-management-app/.npm-cache/_logs/2025-09-13T05_15_42_645Z-
10 verbose logfile /Users/momo/Documents/project/subscribe-management-app/.npm-cache/_logs/2025-09-13T05_15_42_645Z-debug-0.log
11 silly logfile done cleaning log files
12 silly packumentCache heap:4345298944 maxSize:1086324736 maxEntrySize:543162368
13 http fetch GET 200 https://registry.npmjs.org/shadcn 1347ms (cache revalidated)
14 silly packumentCache heap:4345298944 maxSize:1086324736 maxEntrySize:543162368
15 silly packumentCache heap:4345298944 maxSize:1086324736 maxEntrySize:543162368
16 verbose cwd /Users/momo/Documents/project/subscribe-management-app
17 verbose os Darwin 25.0.0
18 verbose node v22.12.0
19 verbose npm  v10.9.0
20 verbose exit 0
21 info ok
